
============================================================
🗄️ AREA 2B1: SQLITE PERSISTENCE
============================================================

============================================================
TEST: 2b1_sqlite_persistence
Description: Test SQLite persistent memory across restarts
============================================================


📝 Phase 1: Storing information...
{"id":"evt_s3Y6xERn4Uq6XcSgBtz_k","timestamp":1760447009554,"level":"info","muxi_version":"0.2025.0","server":"MacBookPro.cable.virginm.net","event":"overlord.initializing","data":{"description":"PromptLoader initialized successfully"}}
{"id":"evt_QKn5A9zFc3jD3E6fdxkbK","timestamp":1760447014934,"level":"info","muxi_version":"0.2025.0","server":"MacBookPro.cable.virginm.net","event":"service.initializing","data":{"service":"onellm_cache","enabled":true,"max_entries":10000,"p":0.95,"hash_only":false,"stream_chunk_strategy":"sentences","stream_chunk_length":1,"ttl":86400,"description":"OneLLM cache initialized with 10000 max entries, 0.95 similarity threshold, 86400s TTL"}}
{"id":"evt_3rVzIHC19WV1vRvPKEG1h","timestamp":1760447014934,"level":"info","muxi_version":"0.2025.0","server":"MacBookPro.cable.virginm.net","event":"service.initializing","data":{"service":"llm","capabilities":["text","embedding","vision","audio","documents","streaming"],"capability_count":6,"text_model":"openai/gpt-4o","capabilities_using_text_fallback":["vision","audio","documents","streaming"],"description":"LLM configuration initialized with 6 capabilities. Using text model 'openai/gpt-4o' as fallback for: vision, audio, documents, streaming"}}
{"id":"evt_mty7U3Fb6y63iARVMyGy3","timestamp":1760447014935,"level":"info","muxi_version":"0.2025.0","server":"MacBookPro.cable.virginm.net","event":"service.initializing","data":{"service":"buffer_memory","size":50,"multiplier":10,"vector_search":true,"mode":"local","description":"Buffer memory initialized with size 50"}}
{"id":"evt_yG1r68T_xfiOCi2xtlJVb","timestamp":1760447014939,"level":"info","muxi_version":"0.2025.0","server":"MacBookPro.cable.virginm.net","event":"database.manager.initialized","data":{"database_type":"sqlite","connection_configured":true,"async_support":true,"description":"Database manager initialized with sqlite (async support enabled)"}}
{"id":"evt_pzMgUMwNYrp8_GACMIKdt","timestamp":1760447014953,"level":"info","muxi_version":"0.2025.0","server":"MacBookPro.cable.virginm.net","event":"service.initializing","data":{"service":"persistent_memory","type":"SQLite","multi_user":false,"description":"Persistent memory initialized with SQLite"}}
{"id":"evt_eVc8FsJXdlWXFqBuadxYs","timestamp":1760447015012,"level":"info","muxi_version":"0.2025.0","server":"MacBookPro.cable.virginm.net","event":"database.tables.created","data":{"database_type":"sqlite","description":"Database tables created successfully"}}
{"id":"evt_TxQsTK8yMn09B4hfv6z3y","timestamp":1760447015012,"level":"info","muxi_version":"0.2025.0","server":"MacBookPro.cable.virginm.net","event":"database.tables.created","data":{"tables_created":["users","memories","credentials","scheduled_jobs","scheduled_job_audit"],"description":"All database tables created successfully"}}
{"id":"evt_gStpVjC53RkHfRxLq6g9G","timestamp":1760447015734,"level":"info","muxi_version":"0.2025.0","server":"MacBookPro.cable.virginm.net","event":"service.initializing","data":{"services":["request_tracker","webhook_manager"],"description":"Background services initialized"}}
{"id":"evt_OqFAbsp7ZiVQIn6yedvbz","timestamp":1760447015734,"level":"info","muxi_version":"0.2025.0","server":"MacBookPro.cable.virginm.net","event":"service.initializing","data":{"service":"mcp","server_count":0,"user_configured":0,"description":"Found 0 MCP servers to configure"}}
{"id":"evt_RIqkMObQ7LqcLJT9OzO9M","timestamp":1760447015734,"level":"info","muxi_version":"0.2025.0","server":"MacBookPro.cable.virginm.net","event":"config.formation.loaded","data":{"agent_count":1,"description":"Processed 1 agent configurations"}}
{"id":"evt_v8qXI4j9gglYKfqYyQYcz","timestamp":1760447015734,"level":"info","muxi_version":"0.2025.0","server":"MacBookPro.cable.virginm.net","event":"service.initializing","data":{"formation_id":"memory-test-formation","services_initialized":["formation_config","mcp_servers_with_user_credentials","secrets_manager","formation_path","api_keys","llm_config","memory_config","mcp_config","mcp_servers","a2a_config","logging_config","clarification_config","document_processing_config","scheduler_config","runtime_config","agents_config","observability_manager","buffer_memory","long_term_memory","working_memory_config","document_chunk_manager","request_tracker","webhook_manager","document_chunker","db_manager","is_multi_user","mcp_service"],"description":"All Formation services initialized successfully"}}
{"id":"evt_5gCie5mdaALiEzxhBxTlC","timestamp":1760447016510,"level":"info","muxi_version":"0.2025.0","server":"MacBookPro.cable.virginm.net","event":"service.initializing","data":{"factory":"ClientFactory","transports":["agent","jsonrpc","rest","grpc"],"description":"A2A ClientFactory initialized with AgentTransport"}}
{"id":"evt_z49oK_WZ62Td5fDSGRZ9h","timestamp":1760447016513,"level":"info","muxi_version":"0.2025.0","server":"MacBookPro.cable.virginm.net","event":"service.initializing","data":{"description":"Initialized encrypted credential resolver"}}
{"id":"evt_CmZeAJ7OzV_el872fCMlQ","timestamp":1760447016515,"level":"info","muxi_version":"0.2025.0","server":"MacBookPro.cable.virginm.net","event":"service.initializing","data":{"description":"WorkflowManager initialized"}}
{"id":"evt_JjgMW8selQgf5qqRBEN7O","timestamp":1760447016515,"level":"info","muxi_version":"0.2025.0","server":"MacBookPro.cable.virginm.net","event":"service.initialized","data":{"service":"clarification","components":["unified_system"],"description":"Clarification system initialized with unified components"}}
{"id":"evt_BfuFOqjkgFrSUUE1Cvy2E","timestamp":1760447016516,"level":"info","muxi_version":"0.2025.0","server":"MacBookPro.cable.virginm.net","event":"error.internal.error","data":{"provider":"openai","model":"gpt-4o-mini","timeout":30.0,"max_retries":3,"fallback_model":null,"circuit_breaker_enabled":true,"description":"Initialized LLM with openai/gpt-4o-mini"}}{"id":"evt_h4uVJndJEEE6JHpjHa1Du","timestamp":1760447016516,"level":"info","muxi_version":"0.2025.0","server":"MacBookPro.cable.virginm.net","event":"service.started","data":{"service":"sop_system_init","auto_decomposition":true,"formation_path":"/Users/ran/Projects/muxi/code/runtime/e2e/tests/2_memory/formations/formation-memory","status":"deferred","description":"SOP system initialization deferred (path=/Users/ran/Projects/muxi/code/runtime/e2e/tests/2_memory/formations/formation-memory)"}}

{"id":"evt_jriqrpXT9eqkiU2EPT1o6","timestamp":1760447016516,"level":"info","muxi_version":"0.2025.0","server":"MacBookPro.cable.virginm.net","event":"error.internal.error","data":{"provider":"openai","model":"gpt-4o","timeout":30.0,"max_retries":3,"fallback_model":null,"circuit_breaker_enabled":true,"description":"Initialized LLM with openai/gpt-4o"}}
{"id":"evt_xYv1n4SnzyGIn9AVnIxHa","timestamp":1760447016516,"level":"info","muxi_version":"0.2025.0","server":"MacBookPro.cable.virginm.net","event":"server.started","data":{"component":"request_analyzer","has_llm":true,"description":"Updated request_analyzer LLM: True"}}
{"id":"evt_CWYxkXiYXMqFp55icD5rL","timestamp":1760447016516,"level":"info","muxi_version":"0.2025.0","server":"MacBookPro.cable.virginm.net","event":"server.started","data":{"component":"task_decomposer","has_llm":true,"model_source":"overlord.llm.model","description":"Updated task_decomposer LLM from overlord.llm.model: True"}}
{"id":"evt_EdGXLsBctg3Zgtm8vgS_O","timestamp":1760447016517,"level":"info","muxi_version":"0.2025.0","server":"MacBookPro.cable.virginm.net","event":"agent.initialized","data":{"agent_id":"memory_agent","agent_name":"Memory Test Agent","a2a_internal":true,"a2a_external":true,"has_system_message":true,"has_knowledge_config":false,"description":"Agent initialized: memory_agent"}}
{"id":"evt_qiw6H_Wkun199mm6eHu5V","timestamp":1760447016517,"level":"info","muxi_version":"0.2025.0","server":"MacBookPro.cable.virginm.net","event":"error.internal.error","data":{"provider":"openai","model":"gpt-4o","timeout":30.0,"max_retries":3,"fallback_model":null,"circuit_breaker_enabled":true,"description":"Initialized LLM with openai/gpt-4o"}}
{"id":"evt_uGAF2BQ8d3l9b5EahHGSr","timestamp":1760447016518,"level":"info","muxi_version":"0.2025.0","server":"MacBookPro.cable.virginm.net","event":"agent.initialized","data":{"agent_id":"memory_agent","name":"Memory Test Agent","role":"general","description":"Agent 'memory_agent' loaded successfully"}}
{"id":"evt_nvTkG0qjupU2NhyNStrII","timestamp":1760447016518,"level":"info","muxi_version":"0.2025.0","server":"MacBookPro.cable.virginm.net","event":"config.formation.loaded","data":{"agent_count":1,"description":"Loaded 1 agents from formation configuration"}}
{"id":"evt_ams7VITeYYLl_A8yvKtUl","timestamp":1760447016519,"level":"info","muxi_version":"0.2025.0","server":"MacBookPro.cable.virginm.net","event":"agent.initialized","data":{"agent_id":"muxi-generalist","agent_name":"MUXI Generalist","a2a_internal":true,"a2a_external":true,"has_system_message":true,"has_knowledge_config":false,"description":"Agent initialized: muxi-generalist"}}
{"id":"evt_9YOaYD3TbMWhCUjG1tlF9","timestamp":1760447016520,"level":"info","muxi_version":"0.2025.0","server":"MacBookPro.cable.virginm.net","event":"agent.initialized","data":{"agent_id":"muxi-generalist","source":"muxi-default","description":"Loaded MUXI default agent: muxi-generalist"}}
{"id":"evt_YQorc4yPJY92Mt_WjyEut","timestamp":1760447016520,"level":"info","muxi_version":"0.2025.0","server":"MacBookPro.cable.virginm.net","event":"config.formation.loaded","data":{"default_agent_id":"muxi-generalist","description":"Set muxi-generalist as default fallback agent"}}
{"id":"evt_mvUkuxLC2A1aSla1Nax6e","timestamp":1760447016520,"level":"info","muxi_version":"0.2025.0","server":"MacBookPro.cable.virginm.net","event":"service.started","data":{"service":"mcp","source":"formation","description":"MCP service received from Formation"}}
{"id":"evt_BJbsDd8KeuWZJwzerRHSc","timestamp":1760447016521,"level":"info","muxi_version":"0.2025.0","server":"MacBookPro.cable.virginm.net","event":"service.initializing","data":{"service":"artifact","description":"Initializing artifact generation service"}}
{"id":"evt_iVjhXv2yE4lxXvkrI2BCu","timestamp":1760447016521,"level":"info","muxi_version":"0.2025.0","server":"MacBookPro.cable.virginm.net","event":"service.started","data":{"service":"artifact","description":"Artifact generation service initialized successfully"}}
{"id":"evt_7MjByh31ffQvXbFHbx6Xz","timestamp":1760447016521,"level":"info","muxi_version":"0.2025.0","server":"MacBookPro.cable.virginm.net","event":"service.started","data":{"service":"artifact","description":"Artifact service initialized"}}
{"id":"evt_KuZeZPkvQek0rgGiQ5aEh","timestamp":1760447016521,"level":"info","muxi_version":"0.2025.0","server":"MacBookPro.cable.virginm.net","event":"service.started","data":{"service":"clarification_llm","model":"openai/gpt-4o","description":"Created LLM for clarification: openai/gpt-4o"}}
{"id":"evt_zakwhAMi4u72rrqHrRwNX","timestamp":1760447016521,"level":"info","muxi_version":"0.2025.0","server":"MacBookPro.cable.virginm.net","event":"service.updated","data":{"service":"clarification","updated_components":["llm","managers"],"description":"Clarification system updated with actual services"}}
{"id":"evt_qfiKDgzE0Ha7t_eR2n3nG","timestamp":1760447016521,"level":"info","muxi_version":"0.2025.0","server":"MacBookPro.cable.virginm.net","event":"service.started","data":{"service":"formation_capabilities","agent_count":3,"mcp_service_count":0,"total_capabilities":3,"description":"Formation capabilities populated: 3 total"}}
{"id":"evt_VyqqMsfltBfcI8_DJS3MM","timestamp":1760447016528,"level":"info","muxi_version":"0.2025.0","server":"MacBookPro.cable.virginm.net","event":"user_identifier.resolved","data":{"identifier":"0","muxi_user_id":"uRqPKKs7AOP2F59qU1y3z","internal_user_id":1,"source":"database","formation_id":"memory-test-formation"}}
{"id":"evt_cjIYYDfzz_iRJRLJS1phv","timestamp":1760447016528,"level":"info","muxi_version":"0.2025.0","server":"MacBookPro.cable.virginm.net","event":"request.received","session_id":null,"request":{"id":"req_XiFvpWoaIIColMQC1nYSF","status":"processing","started":1760447016528,"duration_ms":0,"formation_id":"memory-test-formation","user_id":"0","tokens":{"total":[0,0,0,0,0,0],"breakdown":{}}},"data":{"description":"Request req_XiFvpWoaIIColMQC1nYSF received"}}
{"id":"evt_XVmumy4US1K1qW2Cb8H87","timestamp":1760447016529,"level":"info","muxi_version":"0.2025.0","server":"MacBookPro.cable.virginm.net","event":"request.validated","session_id":null,"request":{"id":"req_XiFvpWoaIIColMQC1nYSF","status":"processing","started":1760447016528,"duration_ms":0,"formation_id":"memory-test-formation","user_id":"0","tokens":{"total":[0,0,0,0,0,0],"breakdown":{}}},"data":{"message_valid":true,"agent_exists":true,"has_files":false,"file_count":0,"description":"Request req_XiFvpWoaIIColMQC1nYSF validated"}}
{"id":"evt_8Cxc2ISThL_P1IfKR0Usx","timestamp":1760447016529,"level":"info","muxi_version":"0.2025.0","server":"MacBookPro.cable.virginm.net","event":"error.internal.error","session_id":null,"request":{"id":"req_XiFvpWoaIIColMQC1nYSF","status":"processing","started":1760447016528,"duration_ms":0,"formation_id":"memory-test-formation","user_id":"0","tokens":{"total":[0,0,0,0,0,0],"breakdown":{}}},"data":{"provider":"openai","model":"text-embedding-3-small","timeout":30.0,"max_retries":3,"fallback_model":null,"circuit_breaker_enabled":true,"description":"Initialized LLM with openai/text-embedding-3-small"}}
{"id":"evt_PREoZbniyJaKPtU_prWPX","timestamp":1760447016529,"level":"info","muxi_version":"0.2025.0","server":"MacBookPro.cable.virginm.net","event":"memory.working.lookup","session_id":null,"request":{"id":"req_XiFvpWoaIIColMQC1nYSF","status":"processing","started":1760447016528,"duration_ms":1,"formation_id":"memory-test-formation","user_id":"0","tokens":{"total":[0,0,0,0,0,0],"breakdown":{}}},"data":{"query_length":72,"limit":50,"has_filter":true,"has_query_vector":false,"recency_bias":0.3,"session_id":null,"session_bias":0.5,"buffer_size":0,"has_vector_search":true,"description":"Working memory search started"}}
{"id":"evt_M_JdWHkvQcoSzlwc1ORk0","timestamp":1760447017048,"level":"info","muxi_version":"0.2025.0","server":"MacBookPro.cable.virginm.net","event":"memory.working.updated","session_id":null,"request":{"id":"req_XiFvpWoaIIColMQC1nYSF","status":"processing","started":1760447016528,"duration_ms":520,"formation_id":"memory-test-formation","user_id":"0","tokens":{"total":[17,17,0,0,0,0],"breakdown":{"openai/text-embedding-3-small":[17,17,0,0,0,0]}}},"data":{"agent_id":"overlord","operation":"add_to_buffer_memory","description":"Successfully added message to buffer memory"}}
{"id":"evt_Eufe3Wm7EuQPGCjYEcdWl","timestamp":1760447017131,"level":"info","muxi_version":"0.2025.0","server":"MacBookPro.cable.virginm.net","event":"request.validated","session_id":null,"request":{"id":"req_XiFvpWoaIIColMQC1nYSF","status":"processing","started":1760447016528,"duration_ms":603,"formation_id":"memory-test-formation","user_id":"0","tokens":{"total":[34,34,0,0,0,0],"breakdown":{"openai/text-embedding-3-small":[34,34,0,0,0,0]}}},"data":{"operation":"extraction_task_created","user_id":"0","description":"Creating extraction task"}}
{"id":"evt_9ROv8XgGYLXCZ3MIrlqwO","timestamp":1760447017131,"level":"info","muxi_version":"0.2025.0","server":"MacBookPro.cable.virginm.net","event":"error.internal.error","session_id":null,"request":{"id":"req_XiFvpWoaIIColMQC1nYSF","status":"processing","started":1760447016528,"duration_ms":603,"formation_id":"memory-test-formation","user_id":"0","tokens":{"total":[34,34,0,0,0,0],"breakdown":{"openai/text-embedding-3-small":[34,34,0,0,0,0]}}},"data":{"provider":"openai","model":"gpt-4o","timeout":30.0,"max_retries":3,"fallback_model":null,"circuit_breaker_enabled":true,"description":"Initialized LLM with openai/gpt-4o"}}
{"id":"evt_HI_QGrqdZrQok1UPfNUVB","timestamp":1760447017132,"level":"info","muxi_version":"0.2025.0","server":"MacBookPro.cable.virginm.net","event":"model.request.started","session_id":null,"request":{"id":"req_XiFvpWoaIIColMQC1nYSF","status":"processing","started":1760447016528,"duration_ms":603,"formation_id":"memory-test-formation","user_id":"0","tokens":{"total":[34,34,0,0,0,0],"breakdown":{"openai/text-embedding-3-small":[34,34,0,0,0,0]}}},"data":{"model":"openai/gpt-4o","provider":"openai","message_count":1,"has_files":false,"file_count":0,"fusion_mode":"adaptive","temperature":0.2,"max_tokens":10,"metadata":null,"description":"LLM chat request started for openai/gpt-4o"}}
{"id":"evt_6yCFHOwVI_08CNqkFY2mc","timestamp":1760447017132,"level":"info","muxi_version":"0.2025.0","server":"MacBookPro.cable.virginm.net","event":"server.started","session_id":null,"request":{"id":"req_XiFvpWoaIIColMQC1nYSF","status":"processing","started":1760447016528,"duration_ms":603,"formation_id":"memory-test-formation","user_id":"0","tokens":{"total":[34,34,0,0,0,0],"breakdown":{"openai/text-embedding-3-small":[34,34,0,0,0,0]}}},"data":{"service":"_process_sync_chat_entry","agent_name":null,"user_id":"0","session_id":null,"message_preview":"=== CURRENT REQUEST ===\nUser: My favorite color is","description":"_process_sync_chat ENTRY: agent=None, session=None"}}
{"id":"evt_aj4BhpV9XpzMCVw_88_NT","timestamp":1760447017132,"level":"info","muxi_version":"0.2025.0","server":"MacBookPro.cable.virginm.net","event":"request.validated","session_id":null,"request":{"id":"req_XiFvpWoaIIColMQC1nYSF","status":"processing","started":1760447016528,"duration_ms":603,"formation_id":"memory-test-formation","user_id":"0","tokens":{"total":[34,34,0,0,0,0],"breakdown":{"openai/text-embedding-3-small":[34,34,0,0,0,0]}}},"data":{"operation":"extract_async_called","user_id":"0","description":"Extraction async method started"}}
{"id":"evt_RHUNhw0uzFlUCQKolUiUH","timestamp":1760447017132,"level":"info","muxi_version":"0.2025.0","server":"MacBookPro.cable.virginm.net","event":"request.validated","session_id":null,"request":{"id":"req_XiFvpWoaIIColMQC1nYSF","status":"processing","started":1760447016528,"duration_ms":603,"formation_id":"memory-test-formation","user_id":"0","tokens":{"total":[34,34,0,0,0,0],"breakdown":{"openai/text-embedding-3-small":[34,34,0,0,0,0]}}},"data":{"operation":"calling_overlord_extract","user_id":"0","description":"About to call overlord.extract_user_information"}}
{"id":"evt_I_Qo_GZ7GGo_MKQgEhj7N","timestamp":1760447017132,"level":"info","muxi_version":"0.2025.0","server":"MacBookPro.cable.virginm.net","event":"request.validated","session_id":null,"request":{"id":"req_XiFvpWoaIIColMQC1nYSF","status":"processing","started":1760447016528,"duration_ms":604,"formation_id":"memory-test-formation","user_id":"0","tokens":{"total":[34,34,0,0,0,0],"breakdown":{"openai/text-embedding-3-small":[34,34,0,0,0,0]}}},"data":{"operation":"overlord_calling_coordinator","has_coordinator":true,"user_id":"0","description":"Overlord about to call extraction coordinator"}}
{"id":"evt_QFNmpBKrghfWcciLe4GII","timestamp":1760447017132,"level":"info","muxi_version":"0.2025.0","server":"MacBookPro.cable.virginm.net","event":"model.request.started","session_id":null,"request":{"id":"req_XiFvpWoaIIColMQC1nYSF","status":"processing","started":1760447016528,"duration_ms":604,"formation_id":"memory-test-formation","user_id":"0","tokens":{"total":[34,34,0,0,0,0],"breakdown":{"openai/text-embedding-3-small":[34,34,0,0,0,0]}}},"data":{"model":"openai/gpt-4o","provider":"openai","message_count":1,"has_files":false,"file_count":0,"fusion_mode":"adaptive","temperature":0.2,"max_tokens":2000,"metadata":null,"description":"LLM chat request started for openai/gpt-4o"}}
{"id":"evt_IHLOn01UguSzDgZ0tcPzA","timestamp":1760447018254,"level":"info","muxi_version":"0.2025.0","server":"MacBookPro.cable.virginm.net","event":"model.request.started","session_id":null,"request":{"id":"req_XiFvpWoaIIColMQC1nYSF","status":"processing","started":1760447016528,"duration_ms":1726,"formation_id":"memory-test-formation","user_id":"0","tokens":{"total":[160,159,1,0,0,0],"breakdown":{"openai/text-embedding-3-small":[34,34,0,0,0,0],"openai/gpt-4o":[126,125,1,0,0,0]}}},"data":{"model":"openai/gpt-4o","provider":"openai","message_count":1,"has_files":false,"file_count":0,"fusion_mode":"adaptive","temperature":0.2,"max_tokens":250,"metadata":null,"description":"LLM chat request started for openai/gpt-4o"}}
{"id":"evt_THmXM14HcAwlHBCu4eklM","timestamp":1760447019348,"level":"info","muxi_version":"0.2025.0","server":"MacBookPro.cable.virginm.net","event":"error.internal.error","session_id":null,"request":{"id":"req_XiFvpWoaIIColMQC1nYSF","status":"processing","started":1760447016528,"duration_ms":2819,"formation_id":"memory-test-formation","user_id":"0","tokens":{"total":[1164,1061,103,0,0,0],"breakdown":{"openai/text-embedding-3-small":[34,34,0,0,0,0],"openai/gpt-4o":[1130,1027,103,0,0,0]}}},"data":{"provider":"openai","model":"text-embedding-3-small","timeout":30.0,"max_retries":3,"fallback_model":null,"circuit_breaker_enabled":true,"description":"Initialized LLM with openai/text-embedding-3-small"}}
User: My favorite color is blue and I have two cats named Whiskers and Shadow.
Assistant: Could you please specify what you need help with?...
{"id":"evt_z02kA3tQJUUrreh3XSwer","timestamp":1760447019797,"level":"info","muxi_version":"0.2025.0","server":"MacBookPro.cable.virginm.net","event":"request.completed","session_id":null,"request":{"id":"req_XiFvpWoaIIColMQC1nYSF","status":"completed","started":1760447016528,"duration_ms":3268,"formation_id":"memory-test-formation","user_id":"0","tokens":{"total":[2403,2238,165,0,0,0],"breakdown":{"openai/text-embedding-3-small":[41,41,0,0,0,0],"openai/gpt-4o":[2362,2197,165,0,0,0]}}},"data":{"description":"Request req_XiFvpWoaIIColMQC1nYSF completed in 3268ms"}}
{"id":"evt_uKBg_8KGIQ35UUn0awn0A","timestamp":1760447019806,"level":"info","muxi_version":"0.2025.0","server":"MacBookPro.cable.virginm.net","event":"user_identifier.resolved","data":{"identifier":"0","muxi_user_id":"uRqPKKs7AOP2F59qU1y3z","internal_user_id":1,"source":"database","formation_id":"memory-test-formation"}}
{"id":"evt_rz0r3SSv75FraZVpoCxug","timestamp":1760447019806,"level":"info","muxi_version":"0.2025.0","server":"MacBookPro.cable.virginm.net","event":"request.received","session_id":null,"request":{"id":"req_OdAdYXqfjkZADqnUMFOVV","status":"processing","started":1760447019806,"duration_ms":0,"formation_id":"memory-test-formation","user_id":"0","tokens":{"total":[0,0,0,0,0,0],"breakdown":{}}},"data":{"description":"Request req_OdAdYXqfjkZADqnUMFOVV received"}}
{"id":"evt_WE8NWGqFfY3C_ykMW6M8I","timestamp":1760447019806,"level":"info","muxi_version":"0.2025.0","server":"MacBookPro.cable.virginm.net","event":"request.validated","session_id":null,"request":{"id":"req_OdAdYXqfjkZADqnUMFOVV","status":"processing","started":1760447019806,"duration_ms":0,"formation_id":"memory-test-formation","user_id":"0","tokens":{"total":[0,0,0,0,0,0],"breakdown":{}}},"data":{"message_valid":true,"agent_exists":true,"has_files":false,"file_count":0,"description":"Request req_OdAdYXqfjkZADqnUMFOVV validated"}}
{"id":"evt_OvDyhCpRetBpLIFAzu_Qb","timestamp":1760447019806,"level":"info","muxi_version":"0.2025.0","server":"MacBookPro.cable.virginm.net","event":"memory.working.lookup","session_id":null,"request":{"id":"req_OdAdYXqfjkZADqnUMFOVV","status":"processing","started":1760447019806,"duration_ms":0,"formation_id":"memory-test-formation","user_id":"0","tokens":{"total":[0,0,0,0,0,0],"breakdown":{}}},"data":{"query_length":55,"limit":50,"has_filter":true,"has_query_vector":false,"recency_bias":0.3,"session_id":null,"session_bias":0.5,"buffer_size":1,"has_vector_search":true,"description":"Working memory search started"}}
{"id":"evt_3vXm5WCOgOecoxp8Qqyde","timestamp":1760447020188,"level":"info","muxi_version":"0.2025.0","server":"MacBookPro.cable.virginm.net","event":"memory.working.updated","session_id":null,"request":{"id":"req_OdAdYXqfjkZADqnUMFOVV","status":"processing","started":1760447019806,"duration_ms":381,"formation_id":"memory-test-formation","user_id":"0","tokens":{"total":[13,13,0,0,0,0],"breakdown":{"openai/text-embedding-3-small":[13,13,0,0,0,0]}}},"data":{"agent_id":"overlord","operation":"add_to_buffer_memory","description":"Successfully added message to buffer memory"}}
{"id":"evt_GCkmqesoBFxpqywzftdWY","timestamp":1760447020223,"level":"info","muxi_version":"0.2025.0","server":"MacBookPro.cable.virginm.net","event":"request.validated","session_id":null,"request":{"id":"req_XiFvpWoaIIColMQC1nYSF","status":"completed","started":1760447016528,"duration_ms":3694,"formation_id":"memory-test-formation","user_id":"0","tokens":{"total":[2414,2249,165,0,0,0],"breakdown":{"openai/text-embedding-3-small":[52,52,0,0,0,0],"openai/gpt-4o":[2362,2197,165,0,0,0]}}},"data":{"operation":"coordinator_call_completed","user_id":"0","description":"Coordinator call completed successfully"}}
{"id":"evt_raHmaQva5ru61f6KdChgx","timestamp":1760447020223,"level":"info","muxi_version":"0.2025.0","server":"MacBookPro.cable.virginm.net","event":"request.validated","session_id":null,"request":{"id":"req_XiFvpWoaIIColMQC1nYSF","status":"completed","started":1760447016528,"duration_ms":3694,"formation_id":"memory-test-formation","user_id":"0","tokens":{"total":[2414,2249,165,0,0,0],"breakdown":{"openai/text-embedding-3-small":[52,52,0,0,0,0],"openai/gpt-4o":[2362,2197,165,0,0,0]}}},"data":{"operation":"overlord_extract_completed","user_id":"0","description":"overlord.extract_user_information completed"}}
{"id":"evt_AL3EM6ddgRnHM8gP8ZSQk","timestamp":1760447020296,"level":"info","muxi_version":"0.2025.0","server":"MacBookPro.cable.virginm.net","event":"memory.working.updated","session_id":null,"request":{"id":"req_XiFvpWoaIIColMQC1nYSF","status":"completed","started":1760447016528,"duration_ms":3767,"formation_id":"memory-test-formation","user_id":"0","tokens":{"total":[2424,2259,165,0,0,0],"breakdown":{"openai/text-embedding-3-small":[62,62,0,0,0,0],"openai/gpt-4o":[2362,2197,165,0,0,0]}}},"data":{"agent_id":"overlord","operation":"add_to_buffer_memory","description":"Successfully added message to buffer memory"}}
{"id":"evt_zjcerqATdkh8jgP0UGFK2","timestamp":1760447020338,"level":"info","muxi_version":"0.2025.0","server":"MacBookPro.cable.virginm.net","event":"request.validated","session_id":null,"request":{"id":"req_OdAdYXqfjkZADqnUMFOVV","status":"processing","started":1760447019806,"duration_ms":531,"formation_id":"memory-test-formation","user_id":"0","tokens":{"total":[26,26,0,0,0,0],"breakdown":{"openai/text-embedding-3-small":[26,26,0,0,0,0]}}},"data":{"operation":"extraction_task_created","user_id":"0","description":"Creating extraction task"}}
{"id":"evt_MlNGYsSt4LLhob7WFW2U5","timestamp":1760447020338,"level":"info","muxi_version":"0.2025.0","server":"MacBookPro.cable.virginm.net","event":"server.started","session_id":null,"request":{"id":"req_OdAdYXqfjkZADqnUMFOVV","status":"processing","started":1760447019806,"duration_ms":532,"formation_id":"memory-test-formation","user_id":"0","tokens":{"total":[26,26,0,0,0,0],"breakdown":{"openai/text-embedding-3-small":[26,26,0,0,0,0]}}},"data":{"service":"_process_sync_chat_entry","agent_name":null,"user_id":"0","session_id":null,"message_preview":"=== CURRENT REQUEST ===\nUser: I'm planning a trip ","description":"_process_sync_chat ENTRY: agent=None, session=None"}}
{"id":"evt_eXAebCycjgz_vFtp3BNER","timestamp":1760447020339,"level":"info","muxi_version":"0.2025.0","server":"MacBookPro.cable.virginm.net","event":"model.request.started","session_id":null,"request":{"id":"req_OdAdYXqfjkZADqnUMFOVV","status":"processing","started":1760447019806,"duration_ms":532,"formation_id":"memory-test-formation","user_id":"0","tokens":{"total":[26,26,0,0,0,0],"breakdown":{"openai/text-embedding-3-small":[26,26,0,0,0,0]}}},"data":{"model":"openai/gpt-4o","provider":"openai","message_count":1,"has_files":false,"file_count":0,"fusion_mode":"adaptive","temperature":0.2,"max_tokens":10,"metadata":null,"description":"LLM chat request started for openai/gpt-4o"}}
{"id":"evt_y3Udndt0bDcQHzKy4ioF0","timestamp":1760447020339,"level":"info","muxi_version":"0.2025.0","server":"MacBookPro.cable.virginm.net","event":"request.validated","session_id":null,"request":{"id":"req_OdAdYXqfjkZADqnUMFOVV","status":"processing","started":1760447019806,"duration_ms":532,"formation_id":"memory-test-formation","user_id":"0","tokens":{"total":[26,26,0,0,0,0],"breakdown":{"openai/text-embedding-3-small":[26,26,0,0,0,0]}}},"data":{"operation":"extract_async_called","user_id":"0","description":"Extraction async method started"}}
{"id":"evt_kELmXQOHJX8CHbSkZuQqK","timestamp":1760447020339,"level":"info","muxi_version":"0.2025.0","server":"MacBookPro.cable.virginm.net","event":"request.validated","session_id":null,"request":{"id":"req_OdAdYXqfjkZADqnUMFOVV","status":"processing","started":1760447019806,"duration_ms":532,"formation_id":"memory-test-formation","user_id":"0","tokens":{"total":[26,26,0,0,0,0],"breakdown":{"openai/text-embedding-3-small":[26,26,0,0,0,0]}}},"data":{"operation":"calling_overlord_extract","user_id":"0","description":"About to call overlord.extract_user_information"}}
{"id":"evt_QPyoFpWZ59GnSwX0xS6Ww","timestamp":1760447020339,"level":"info","muxi_version":"0.2025.0","server":"MacBookPro.cable.virginm.net","event":"request.validated","session_id":null,"request":{"id":"req_OdAdYXqfjkZADqnUMFOVV","status":"processing","started":1760447019806,"duration_ms":533,"formation_id":"memory-test-formation","user_id":"0","tokens":{"total":[26,26,0,0,0,0],"breakdown":{"openai/text-embedding-3-small":[26,26,0,0,0,0]}}},"data":{"operation":"overlord_calling_coordinator","has_coordinator":true,"user_id":"0","description":"Overlord about to call extraction coordinator"}}
{"id":"evt_Z00ITvFISU7o17SWsdekf","timestamp":1760447020339,"level":"info","muxi_version":"0.2025.0","server":"MacBookPro.cable.virginm.net","event":"model.request.started","session_id":null,"request":{"id":"req_OdAdYXqfjkZADqnUMFOVV","status":"processing","started":1760447019806,"duration_ms":533,"formation_id":"memory-test-formation","user_id":"0","tokens":{"total":[26,26,0,0,0,0],"breakdown":{"openai/text-embedding-3-small":[26,26,0,0,0,0]}}},"data":{"model":"openai/gpt-4o","provider":"openai","message_count":1,"has_files":false,"file_count":0,"fusion_mode":"adaptive","temperature":0.2,"max_tokens":2000,"metadata":null,"description":"LLM chat request started for openai/gpt-4o"}}
{"id":"evt_OE38cn88DLJfiolXTp9Q6","timestamp":1760447021213,"level":"info","muxi_version":"0.2025.0","server":"MacBookPro.cable.virginm.net","event":"model.request.started","session_id":null,"request":{"id":"req_OdAdYXqfjkZADqnUMFOVV","status":"processing","started":1760447019806,"duration_ms":1407,"formation_id":"memory-test-formation","user_id":"0","tokens":{"total":[147,146,1,0,0,0],"breakdown":{"openai/text-embedding-3-small":[26,26,0,0,0,0],"openai/gpt-4o":[121,120,1,0,0,0]}}},"data":{"model":"openai/gpt-4o","provider":"openai","message_count":1,"has_files":false,"file_count":0,"fusion_mode":"adaptive","temperature":0.2,"max_tokens":250,"metadata":null,"description":"LLM chat request started for openai/gpt-4o"}}
{"id":"evt_p_9S7vKKF4XwrxGvXa1GJ","timestamp":1760447023459,"level":"info","muxi_version":"0.2025.0","server":"MacBookPro.cable.virginm.net","event":"request.validated","session_id":null,"request":{"id":"req_OdAdYXqfjkZADqnUMFOVV","status":"processing","started":1760447019806,"duration_ms":3653,"formation_id":"memory-test-formation","user_id":"0","tokens":{"total":[1244,1092,152,0,0,0],"breakdown":{"openai/text-embedding-3-small":[39,39,0,0,0,0],"openai/gpt-4o":[1205,1053,152,0,0,0]}}},"data":{"operation":"coordinator_call_completed","user_id":"0","description":"Coordinator call completed successfully"}}{"id":"evt_w9OM8qIUcmVC9molsauw9","timestamp":1760447023459,"level":"info","muxi_version":"0.2025.0","server":"MacBookPro.cable.virginm.net","event":"request.validated","session_id":null,"request":{"id":"req_OdAdYXqfjkZADqnUMFOVV","status":"processing","started":1760447019806,"duration_ms":3653,"formation_id":"memory-test-formation","user_id":"0","tokens":{"total":[1244,1092,152,0,0,0],"breakdown":{"openai/text-embedding-3-small":[39,39,0,0,0,0],"openai/gpt-4o":[1205,1053,152,0,0,0]}}},"data":{"operation":"overlord_extract_completed","user_id":"0","description":"overlord.extract_user_information completed"}}

User: I'm planning a trip to Japan next summer for two weeks.
Assistant: Could you please specify what you need help with regarding your trip to Japan or any other topic?...
  ✓ Information stored in SQLite
{"id":"evt_5fgme21DddLyWhzySOgAa","timestamp":1760447024158,"level":"info","muxi_version":"0.2025.0","server":"MacBookPro.cable.virginm.net","event":"request.completed","session_id":null,"request":{"id":"req_OdAdYXqfjkZADqnUMFOVV","status":"completed","started":1760447019806,"duration_ms":4352,"formation_id":"memory-test-formation","user_id":"0","tokens":{"total":[2521,2298,223,0,0,0],"breakdown":{"openai/text-embedding-3-small":[39,39,0,0,0,0],"openai/gpt-4o":[2482,2259,223,0,0,0]}}},"data":{"description":"Request req_OdAdYXqfjkZADqnUMFOVV completed in 4351ms"}}
{"id":"evt_G1yAJj5ijtVEODOxu5UiL","timestamp":1760447024852,"level":"info","muxi_version":"0.2025.0","server":"MacBookPro.cable.virginm.net","event":"memory.working.updated","session_id":null,"request":{"id":"req_OdAdYXqfjkZADqnUMFOVV","status":"completed","started":1760447019806,"duration_ms":5046,"formation_id":"memory-test-formation","user_id":"0","tokens":{"total":[2540,2317,223,0,0,0],"breakdown":{"openai/text-embedding-3-small":[58,58,0,0,0,0],"openai/gpt-4o":[2482,2259,223,0,0,0]}}},"data":{"agent_id":"overlord","operation":"add_to_buffer_memory","description":"Successfully added message to buffer memory"}}
{"id":"evt_aPYHAgqYhDhIGxsI_2XE3","timestamp":1760447034165,"level":"info","muxi_version":"0.2025.0","server":"MacBookPro.cable.virginm.net","event":"overlord.shutdown","data":{"active_requests":0,"description":"Overlord shutdown complete - no active requests remaining"}}✅ Overlord shutdown gracefully - all agents finished their work

{"id":"evt_MzQ5NAVICtk5Mv1Tevp4E","timestamp":1760447034165,"level":"info","muxi_version":"0.2025.0","server":"MacBookPro.cable.virginm.net","event":"service.started","data":{"service":"mcp","action":"shutdown","total_servers":0,"disconnected":0,"failed":0,"servers":{},"description":"MCP service shutdown complete"}}
{"id":"evt_mAULy4iNkuZX2FonKjFzj","timestamp":1760447034165,"level":"info","muxi_version":"0.2025.0","server":"MacBookPro.cable.virginm.net","event":"mcp.server.disconnected","data":{"action":"disconnect_all","description":"All MCP servers disconnected during Formation shutdown"}}
  ✓ Formation shutdown complete

🔄 Phase 2: Restarting formation...
{"id":"evt_CgUAqSab7mvfEGLRa6aYR","timestamp":1760447036170,"level":"info","muxi_version":"0.2025.0","server":"MacBookPro.cable.virginm.net","event":"overlord.initializing","data":{"formation_path":"/Users/ran/Projects/muxi/code/runtime/e2e/tests/2_memory/formations/formation-memory/formation-sqlite.yaml","description":"Starting formation loading from /Users/ran/Projects/muxi/code/runtime/e2e/tests/2_memory/formations/formation-memory/formation-sqlite.yaml"}}
{"id":"evt_oVvW39VTFqYYqgOVL7pk1","timestamp":1760447036186,"level":"info","muxi_version":"0.2025.0","server":"MacBookPro.cable.virginm.net","event":"overlord.initializing","data":{"description":"PromptLoader initialized successfully"}}
{"id":"evt_HkkbPab6NCCZtgabGbadT","timestamp":1760447036186,"level":"info","muxi_version":"0.2025.0","server":"MacBookPro.cable.virginm.net","event":"service.initializing","data":{"service":"llm","capabilities":["text","embedding","vision","audio","documents","streaming"],"capability_count":6,"text_model":"openai/gpt-4o","capabilities_using_text_fallback":["vision","audio","documents","streaming"],"description":"LLM configuration initialized with 6 capabilities. Using text model 'openai/gpt-4o' as fallback for: vision, audio, documents, streaming"}}
{"id":"evt_JRWerzr5vkZVcz5WNZbDZ","timestamp":1760447036187,"level":"info","muxi_version":"0.2025.0","server":"MacBookPro.cable.virginm.net","event":"service.initializing","data":{"service":"buffer_memory","size":50,"multiplier":10,"vector_search":true,"mode":"local","description":"Buffer memory initialized with size 50"}}
{"id":"evt_L6TTfr3PNvvAHhtd86oEW","timestamp":1760447036190,"level":"info","muxi_version":"0.2025.0","server":"MacBookPro.cable.virginm.net","event":"service.initializing","data":{"service":"persistent_memory","type":"SQLite","multi_user":false,"description":"Persistent memory initialized with SQLite"}}
{"id":"evt_Mva5hPbaZZJxTrdSg00YU","timestamp":1760447036191,"level":"info","muxi_version":"0.2025.0","server":"MacBookPro.cable.virginm.net","event":"database.tables.created","data":{"database_type":"sqlite","description":"Database tables created successfully"}}{"id":"evt_zILoyX97clXXUQjeo2Lr4","timestamp":1760447036191,"level":"info","muxi_version":"0.2025.0","server":"MacBookPro.cable.virginm.net","event":"database.tables.created","data":{"tables_created":["users","memories","credentials","scheduled_jobs","scheduled_job_audit"],"description":"All database tables created successfully"}}

{"id":"evt_DisQrBvbSXzuFsENiwRup","timestamp":1760447036510,"level":"info","muxi_version":"0.2025.0","server":"MacBookPro.cable.virginm.net","event":"service.initializing","data":{"services":["request_tracker","webhook_manager"],"description":"Background services initialized"}}
{"id":"evt_NDfQWaLeNql0vgzfyE4m5","timestamp":1760447036511,"level":"info","muxi_version":"0.2025.0","server":"MacBookPro.cable.virginm.net","event":"service.initializing","data":{"service":"mcp","server_count":0,"user_configured":0,"description":"Found 0 MCP servers to configure"}}
{"id":"evt_FibQkPRknIW9NQwlqRINc","timestamp":1760447036511,"level":"info","muxi_version":"0.2025.0","server":"MacBookPro.cable.virginm.net","event":"config.formation.loaded","data":{"agent_count":1,"description":"Processed 1 agent configurations"}}
{"id":"evt_YzxXKi9jxTtQj5Bzq1Zjl","timestamp":1760447036511,"level":"info","muxi_version":"0.2025.0","server":"MacBookPro.cable.virginm.net","event":"service.initializing","data":{"formation_id":"memory-test-formation","services_initialized":["formation_config","mcp_servers_with_user_credentials","secrets_manager","formation_path","api_keys","llm_config","memory_config","mcp_config","mcp_servers","a2a_config","logging_config","clarification_config","document_processing_config","scheduler_config","runtime_config","agents_config","observability_manager","buffer_memory","long_term_memory","working_memory_config","document_chunk_manager","request_tracker","webhook_manager","document_chunker","db_manager","is_multi_user","mcp_service"],"description":"All Formation services initialized successfully"}}
{"id":"evt_NIqsh_ypS5NI51ygUXiK8","timestamp":1760447036512,"level":"info","muxi_version":"0.2025.0","server":"MacBookPro.cable.virginm.net","event":"service.initializing","data":{"factory":"ClientFactory","transports":["agent","jsonrpc","rest","grpc"],"description":"A2A ClientFactory initialized with AgentTransport"}}
{"id":"evt_xblM4uJGDBPTC3DrD3Z0M","timestamp":1760447036512,"level":"info","muxi_version":"0.2025.0","server":"MacBookPro.cable.virginm.net","event":"service.initializing","data":{"description":"Initialized encrypted credential resolver"}}
{"id":"evt_oOMJifZOY_MjENSGqfouB","timestamp":1760447036512,"level":"info","muxi_version":"0.2025.0","server":"MacBookPro.cable.virginm.net","event":"service.initializing","data":{"description":"WorkflowManager initialized"}}
{"id":"evt_uLoHwUMLbIEat2dqDeDnn","timestamp":1760447036512,"level":"info","muxi_version":"0.2025.0","server":"MacBookPro.cable.virginm.net","event":"service.initialized","data":{"service":"clarification","components":["unified_system"],"description":"Clarification system initialized with unified components"}}
{"id":"evt_FyINKLlDVF5BZIrvMA4kB","timestamp":1760447036513,"level":"info","muxi_version":"0.2025.0","server":"MacBookPro.cable.virginm.net","event":"error.internal.error","data":{"provider":"openai","model":"gpt-4o-mini","timeout":30.0,"max_retries":3,"fallback_model":null,"circuit_breaker_enabled":true,"description":"Initialized LLM with openai/gpt-4o-mini"}}
{"id":"evt_vsUS62YfSWC1RIwD56aAR","timestamp":1760447036513,"level":"info","muxi_version":"0.2025.0","server":"MacBookPro.cable.virginm.net","event":"service.started","data":{"service":"sop_system_init","auto_decomposition":true,"formation_path":"/Users/ran/Projects/muxi/code/runtime/e2e/tests/2_memory/formations/formation-memory","status":"deferred","description":"SOP system initialization deferred (path=/Users/ran/Projects/muxi/code/runtime/e2e/tests/2_memory/formations/formation-memory)"}}
{"id":"evt_kYJB0BLgNAt2k9MAgOcpX","timestamp":1760447036513,"level":"info","muxi_version":"0.2025.0","server":"MacBookPro.cable.virginm.net","event":"error.internal.error","data":{"provider":"openai","model":"gpt-4o","timeout":30.0,"max_retries":3,"fallback_model":null,"circuit_breaker_enabled":true,"description":"Initialized LLM with openai/gpt-4o"}}
{"id":"evt_gfzPFxBIHdGjQ9WR1zcN9","timestamp":1760447036513,"level":"info","muxi_version":"0.2025.0","server":"MacBookPro.cable.virginm.net","event":"server.started","data":{"component":"request_analyzer","has_llm":true,"description":"Updated request_analyzer LLM: True"}}
{"id":"evt_3os8Q3Wbxd0Mz5plhCYaX","timestamp":1760447036513,"level":"info","muxi_version":"0.2025.0","server":"MacBookPro.cable.virginm.net","event":"server.started","data":{"component":"task_decomposer","has_llm":true,"model_source":"overlord.llm.model","description":"Updated task_decomposer LLM from overlord.llm.model: True"}}
{"id":"evt__Uv8MfdJQ1DTj9LnArf9j","timestamp":1760447036514,"level":"info","muxi_version":"0.2025.0","server":"MacBookPro.cable.virginm.net","event":"error.internal.error","data":{"provider":"openai","model":"gpt-4o","timeout":30.0,"max_retries":3,"fallback_model":null,"circuit_breaker_enabled":true,"description":"Initialized LLM with openai/gpt-4o"}}
{"id":"evt_j_Po60n6dJHGmWqsVyxrb","timestamp":1760447036514,"level":"info","muxi_version":"0.2025.0","server":"MacBookPro.cable.virginm.net","event":"agent.initialized","data":{"agent_id":"memory_agent","agent_name":"Memory Test Agent","a2a_internal":true,"a2a_external":true,"has_system_message":true,"has_knowledge_config":false,"description":"Agent initialized: memory_agent"}}
{"id":"evt_rppAoDPXJKQRByMzU4nBb","timestamp":1760447036514,"level":"info","muxi_version":"0.2025.0","server":"MacBookPro.cable.virginm.net","event":"agent.initialized","data":{"agent_id":"memory_agent","name":"Memory Test Agent","role":"general","description":"Agent 'memory_agent' loaded successfully"}}
{"id":"evt_YMB4275_l1ZmHuu_EPN0N","timestamp":1760447036515,"level":"info","muxi_version":"0.2025.0","server":"MacBookPro.cable.virginm.net","event":"config.formation.loaded","data":{"agent_count":1,"description":"Loaded 1 agents from formation configuration"}}
{"id":"evt_5SgrnP6zh089YAqYhw5qr","timestamp":1760447036516,"level":"info","muxi_version":"0.2025.0","server":"MacBookPro.cable.virginm.net","event":"agent.initialized","data":{"agent_id":"muxi-generalist","agent_name":"MUXI Generalist","a2a_internal":true,"a2a_external":true,"has_system_message":true,"has_knowledge_config":false,"description":"Agent initialized: muxi-generalist"}}
{"id":"evt_AAxB3KRdZ71X3mNb5Oi9U","timestamp":1760447036517,"level":"info","muxi_version":"0.2025.0","server":"MacBookPro.cable.virginm.net","event":"agent.initialized","data":{"agent_id":"muxi-generalist","source":"muxi-default","description":"Loaded MUXI default agent: muxi-generalist"}}
{"id":"evt_Ttsh0tL7JW5M5dHQly0GL","timestamp":1760447036517,"level":"info","muxi_version":"0.2025.0","server":"MacBookPro.cable.virginm.net","event":"config.formation.loaded","data":{"default_agent_id":"muxi-generalist","description":"Set muxi-generalist as default fallback agent"}}
{"id":"evt_g30Up1oQfZuggFO4n3QDm","timestamp":1760447036517,"level":"info","muxi_version":"0.2025.0","server":"MacBookPro.cable.virginm.net","event":"service.started","data":{"service":"mcp","source":"formation","description":"MCP service received from Formation"}}
{"id":"evt_Q01yB77t_NBHyxGjGhW7O","timestamp":1760447036517,"level":"info","muxi_version":"0.2025.0","server":"MacBookPro.cable.virginm.net","event":"service.initializing","data":{"service":"artifact","description":"Initializing artifact generation service"}}
{"id":"evt_IuvR61rErsAkXebPm_xaR","timestamp":1760447036517,"level":"info","muxi_version":"0.2025.0","server":"MacBookPro.cable.virginm.net","event":"service.started","data":{"service":"artifact","description":"Artifact generation service initialized successfully"}}
{"id":"evt_56lACKrbZIEoS3_3WOBLh","timestamp":1760447036517,"level":"info","muxi_version":"0.2025.0","server":"MacBookPro.cable.virginm.net","event":"service.started","data":{"service":"artifact","description":"Artifact service initialized"}}
{"id":"evt_NdYSWGns3qHOMyXVESPJ1","timestamp":1760447036517,"level":"info","muxi_version":"0.2025.0","server":"MacBookPro.cable.virginm.net","event":"service.started","data":{"service":"clarification_llm","model":"openai/gpt-4o","description":"Created LLM for clarification: openai/gpt-4o"}}
{"id":"evt_irvDAVA5lPWUtW_VApjCB","timestamp":1760447036517,"level":"info","muxi_version":"0.2025.0","server":"MacBookPro.cable.virginm.net","event":"service.started","data":{"service":"formation_capabilities","agent_count":3,"mcp_service_count":0,"total_capabilities":3,"description":"Formation capabilities populated: 3 total"}}
  ✓ Formation restarted with SQLite
{"id":"evt_bcUk6vCSxbOMjdWkMho2s","timestamp":1760447036518,"level":"info","muxi_version":"0.2025.0","server":"MacBookPro.cable.virginm.net","event":"service.updated","data":{"service":"clarification","updated_components":["llm","managers"],"description":"Clarification system updated with actual services"}}
{"id":"evt_VgR3ZBmNyO_IdaFa_2pqF","timestamp":1760447036519,"level":"info","muxi_version":"0.2025.0","server":"MacBookPro.cable.virginm.net","event":"user_identifier.resolved","data":{"identifier":"0","muxi_user_id":"uRqPKKs7AOP2F59qU1y3z","internal_user_id":1,"source":"database","formation_id":"memory-test-formation"}}
{"id":"evt_mcZsOLF9CXgQFnc8ni2Ei","timestamp":1760447036519,"level":"info","muxi_version":"0.2025.0","server":"MacBookPro.cable.virginm.net","event":"request.received","session_id":null,"request":{"id":"req_rFdT7FQn13wOt0oiVowP_","status":"processing","started":1760447036519,"duration_ms":0,"formation_id":"memory-test-formation","user_id":"0","tokens":{"total":[0,0,0,0,0,0],"breakdown":{}}},"data":{"description":"Request req_rFdT7FQn13wOt0oiVowP_ received"}}{"id":"evt_xyE9omFM8QKZKPLLUKwJU","timestamp":1760447036519,"level":"info","muxi_version":"0.2025.0","server":"MacBookPro.cable.virginm.net","event":"request.validated","session_id":null,"request":{"id":"req_rFdT7FQn13wOt0oiVowP_","status":"processing","started":1760447036519,"duration_ms":0,"formation_id":"memory-test-formation","user_id":"0","tokens":{"total":[0,0,0,0,0,0],"breakdown":{}}},"data":{"message_valid":true,"agent_exists":true,"has_files":false,"file_count":0,"description":"Request req_rFdT7FQn13wOt0oiVowP_ validated"}}

{"id":"evt_mJ_BRk1ATNBYQd8TPay0Y","timestamp":1760447036519,"level":"info","muxi_version":"0.2025.0","server":"MacBookPro.cable.virginm.net","event":"error.internal.error","session_id":null,"request":{"id":"req_rFdT7FQn13wOt0oiVowP_","status":"processing","started":1760447036519,"duration_ms":0,"formation_id":"memory-test-formation","user_id":"0","tokens":{"total":[0,0,0,0,0,0],"breakdown":{}}},"data":{"provider":"openai","model":"text-embedding-3-small","timeout":30.0,"max_retries":3,"fallback_model":null,"circuit_breaker_enabled":true,"description":"Initialized LLM with openai/text-embedding-3-small"}}
{"id":"evt_hunB5dFh2iqUHxfUoGCNh","timestamp":1760447036519,"level":"info","muxi_version":"0.2025.0","server":"MacBookPro.cable.virginm.net","event":"memory.working.lookup","session_id":null,"request":{"id":"req_rFdT7FQn13wOt0oiVowP_","status":"processing","started":1760447036519,"duration_ms":0,"formation_id":"memory-test-formation","user_id":"0","tokens":{"total":[0,0,0,0,0,0],"breakdown":{}}},"data":{"query_length":52,"limit":50,"has_filter":true,"has_query_vector":false,"recency_bias":0.3,"session_id":null,"session_bias":0.5,"buffer_size":0,"has_vector_search":true,"description":"Working memory search started"}}
{"id":"evt_MKOOpLZkJfNcxzq0a9jUM","timestamp":1760447036920,"level":"info","muxi_version":"0.2025.0","server":"MacBookPro.cable.virginm.net","event":"request.validated","session_id":null,"request":{"id":"req_rFdT7FQn13wOt0oiVowP_","status":"processing","started":1760447036519,"duration_ms":400,"formation_id":"memory-test-formation","user_id":"0","tokens":{"total":[11,11,0,0,0,0],"breakdown":{"openai/text-embedding-3-small":[11,11,0,0,0,0]}}},"data":{"operation":"extraction_task_created","user_id":"0","description":"Creating extraction task"}}
{"id":"evt_Wt9_vCJO0zh79dmgMXZpx","timestamp":1760447036920,"level":"info","muxi_version":"0.2025.0","server":"MacBookPro.cable.virginm.net","event":"server.started","session_id":null,"request":{"id":"req_rFdT7FQn13wOt0oiVowP_","status":"processing","started":1760447036519,"duration_ms":400,"formation_id":"memory-test-formation","user_id":"0","tokens":{"total":[11,11,0,0,0,0],"breakdown":{"openai/text-embedding-3-small":[11,11,0,0,0,0]}}},"data":{"service":"_process_sync_chat_entry","agent_name":null,"user_id":"0","session_id":null,"message_preview":"=== CURRENT REQUEST ===\nUser: What do you remember","description":"_process_sync_chat ENTRY: agent=None, session=None"}}
{"id":"evt_Z9Ok6uTqKe2rYunZspuuT","timestamp":1760447036920,"level":"info","muxi_version":"0.2025.0","server":"MacBookPro.cable.virginm.net","event":"error.internal.error","session_id":null,"request":{"id":"req_rFdT7FQn13wOt0oiVowP_","status":"processing","started":1760447036519,"duration_ms":401,"formation_id":"memory-test-formation","user_id":"0","tokens":{"total":[11,11,0,0,0,0],"breakdown":{"openai/text-embedding-3-small":[11,11,0,0,0,0]}}},"data":{"provider":"openai","model":"gpt-4o","timeout":30.0,"max_retries":3,"fallback_model":null,"circuit_breaker_enabled":true,"description":"Initialized LLM with openai/gpt-4o"}}
{"id":"evt_eKdtFXSJl9NS24PJU0eYM","timestamp":1760447036920,"level":"info","muxi_version":"0.2025.0","server":"MacBookPro.cable.virginm.net","event":"model.request.started","session_id":null,"request":{"id":"req_rFdT7FQn13wOt0oiVowP_","status":"processing","started":1760447036519,"duration_ms":401,"formation_id":"memory-test-formation","user_id":"0","tokens":{"total":[11,11,0,0,0,0],"breakdown":{"openai/text-embedding-3-small":[11,11,0,0,0,0]}}},"data":{"model":"openai/gpt-4o","provider":"openai","message_count":1,"has_files":false,"file_count":0,"fusion_mode":"adaptive","temperature":0.2,"max_tokens":10,"metadata":null,"description":"LLM chat request started for openai/gpt-4o"}}
{"id":"evt_NjBdsZh2B8eM0JJ7cNGsM","timestamp":1760447036921,"level":"info","muxi_version":"0.2025.0","server":"MacBookPro.cable.virginm.net","event":"request.validated","session_id":null,"request":{"id":"req_rFdT7FQn13wOt0oiVowP_","status":"processing","started":1760447036519,"duration_ms":401,"formation_id":"memory-test-formation","user_id":"0","tokens":{"total":[11,11,0,0,0,0],"breakdown":{"openai/text-embedding-3-small":[11,11,0,0,0,0]}}},"data":{"operation":"calling_overlord_extract","user_id":"0","description":"About to call overlord.extract_user_information"}}
{"id":"evt_6dn6WkieU44rF2WF9KARZ","timestamp":1760447036921,"level":"info","muxi_version":"0.2025.0","server":"MacBookPro.cable.virginm.net","event":"request.validated","session_id":null,"request":{"id":"req_rFdT7FQn13wOt0oiVowP_","status":"processing","started":1760447036519,"duration_ms":401,"formation_id":"memory-test-formation","user_id":"0","tokens":{"total":[11,11,0,0,0,0],"breakdown":{"openai/text-embedding-3-small":[11,11,0,0,0,0]}}},"data":{"operation":"overlord_calling_coordinator","has_coordinator":true,"user_id":"0","description":"Overlord about to call extraction coordinator"}}
{"id":"evt_aJzD2iljbWdiPMXKoiCIH","timestamp":1760447036921,"level":"info","muxi_version":"0.2025.0","server":"MacBookPro.cable.virginm.net","event":"model.request.started","session_id":null,"request":{"id":"req_rFdT7FQn13wOt0oiVowP_","status":"processing","started":1760447036519,"duration_ms":401,"formation_id":"memory-test-formation","user_id":"0","tokens":{"total":[11,11,0,0,0,0],"breakdown":{"openai/text-embedding-3-small":[11,11,0,0,0,0]}}},"data":{"model":"openai/gpt-4o","provider":"openai","message_count":1,"has_files":false,"file_count":0,"fusion_mode":"adaptive","temperature":0.2,"max_tokens":2000,"metadata":null,"description":"LLM chat request started for openai/gpt-4o"}}
{"id":"evt_uiu1PdQ59yX7PNBmTa9F_","timestamp":1760447036921,"level":"info","muxi_version":"0.2025.0","server":"MacBookPro.cable.virginm.net","event":"request.validated","session_id":null,"request":{"id":"req_rFdT7FQn13wOt0oiVowP_","status":"processing","started":1760447036519,"duration_ms":401,"formation_id":"memory-test-formation","user_id":"0","tokens":{"total":[11,11,0,0,0,0],"breakdown":{"openai/text-embedding-3-small":[11,11,0,0,0,0]}}},"data":{"operation":"extract_async_called","user_id":"0","description":"Extraction async method started"}}
{"id":"evt_kkLxOWIJqC4WVaNIUSMh2","timestamp":1760447036955,"level":"info","muxi_version":"0.2025.0","server":"MacBookPro.cable.virginm.net","event":"memory.working.updated","session_id":null,"request":{"id":"req_rFdT7FQn13wOt0oiVowP_","status":"processing","started":1760447036519,"duration_ms":435,"formation_id":"memory-test-formation","user_id":"0","tokens":{"total":[22,22,0,0,0,0],"breakdown":{"openai/text-embedding-3-small":[22,22,0,0,0,0]}}},"data":{"agent_id":"overlord","operation":"add_to_buffer_memory","description":"Successfully added message to buffer memory"}}
{"id":"evt_gTXgEBf9NpAtV4Xi5Alzn","timestamp":1760447037550,"level":"info","muxi_version":"0.2025.0","server":"MacBookPro.cable.virginm.net","event":"model.request.started","session_id":null,"request":{"id":"req_rFdT7FQn13wOt0oiVowP_","status":"processing","started":1760447036519,"duration_ms":1030,"formation_id":"memory-test-formation","user_id":"0","tokens":{"total":[142,141,1,0,0,0],"breakdown":{"openai/text-embedding-3-small":[22,22,0,0,0,0],"openai/gpt-4o":[120,119,1,0,0,0]}}},"data":{"model":"openai/gpt-4o","provider":"openai","message_count":1,"has_files":false,"file_count":0,"fusion_mode":"adaptive","temperature":0.2,"max_tokens":250,"metadata":null,"description":"LLM chat request started for openai/gpt-4o"}}
{"id":"evt_BUczeV5CoPSGktww1L5H8","timestamp":1760447037729,"level":"info","muxi_version":"0.2025.0","server":"MacBookPro.cable.virginm.net","event":"request.validated","session_id":null,"request":{"id":"req_rFdT7FQn13wOt0oiVowP_","status":"processing","started":1760447036519,"duration_ms":1210,"formation_id":"memory-test-formation","user_id":"0","tokens":{"total":[1014,1000,14,0,0,0],"breakdown":{"openai/text-embedding-3-small":[22,22,0,0,0,0],"openai/gpt-4o":[992,978,14,0,0,0]}}},"data":{"operation":"coordinator_call_completed","user_id":"0","description":"Coordinator call completed successfully"}}
{"id":"evt_HGsy1sIrHiFwMqlM13v6Q","timestamp":1760447037729,"level":"info","muxi_version":"0.2025.0","server":"MacBookPro.cable.virginm.net","event":"request.validated","session_id":null,"request":{"id":"req_rFdT7FQn13wOt0oiVowP_","status":"processing","started":1760447036519,"duration_ms":1210,"formation_id":"memory-test-formation","user_id":"0","tokens":{"total":[1014,1000,14,0,0,0],"breakdown":{"openai/text-embedding-3-small":[22,22,0,0,0,0],"openai/gpt-4o":[992,978,14,0,0,0]}}},"data":{"operation":"overlord_extract_completed","user_id":"0","description":"overlord.extract_user_information completed"}}

User: What do you remember about my pets and travel plans?
Assistant: Could you please provide more details about what specific information you're looking for regarding your pets and travel plans?...
  ✗ Pet information not persisted
  ✗ Travel plans not persisted
{"id":"evt_fbbc6YJYHauW9UvuVTAG3","timestamp":1760447040962,"level":"info","muxi_version":"0.2025.0","server":"MacBookPro.cable.virginm.net","event":"request.completed","session_id":null,"request":{"id":"req_rFdT7FQn13wOt0oiVowP_","status":"completed","started":1760447036519,"duration_ms":4442,"formation_id":"memory-test-formation","user_id":"0","tokens":{"total":[2250,2164,86,0,0,0],"breakdown":{"openai/text-embedding-3-small":[22,22,0,0,0,0],"openai/gpt-4o":[2228,2142,86,0,0,0]}}},"data":{"description":"Request req_rFdT7FQn13wOt0oiVowP_ completed in 4442ms"}}
{"id":"evt_O1P7QQ2JfR0Fln_BDX3jM","timestamp":1760447040968,"level":"info","muxi_version":"0.2025.0","server":"MacBookPro.cable.virginm.net","event":"user_identifier.resolved","data":{"identifier":"0","muxi_user_id":"uRqPKKs7AOP2F59qU1y3z","internal_user_id":1,"source":"database","formation_id":"memory-test-formation"}}
{"id":"evt_qyQxiTq78uuz3AfTOJXjr","timestamp":1760447040969,"level":"info","muxi_version":"0.2025.0","server":"MacBookPro.cable.virginm.net","event":"request.received","session_id":null,"request":{"id":"req_5XtCFTCZgJZCbQ25hBfM8","status":"processing","started":1760447040969,"duration_ms":0,"formation_id":"memory-test-formation","user_id":"0","tokens":{"total":[0,0,0,0,0,0],"breakdown":{}}},"data":{"description":"Request req_5XtCFTCZgJZCbQ25hBfM8 received"}}
{"id":"evt_od338KgXa4XWX0ZeQ_OoC","timestamp":1760447040969,"level":"info","muxi_version":"0.2025.0","server":"MacBookPro.cable.virginm.net","event":"request.validated","session_id":null,"request":{"id":"req_5XtCFTCZgJZCbQ25hBfM8","status":"processing","started":1760447040969,"duration_ms":0,"formation_id":"memory-test-formation","user_id":"0","tokens":{"total":[0,0,0,0,0,0],"breakdown":{}}},"data":{"message_valid":true,"agent_exists":true,"has_files":false,"file_count":0,"description":"Request req_5XtCFTCZgJZCbQ25hBfM8 validated"}}
{"id":"evt_9hZSvrXB1bZNoG1NuBxWF","timestamp":1760447040969,"level":"info","muxi_version":"0.2025.0","server":"MacBookPro.cable.virginm.net","event":"memory.working.lookup","session_id":null,"request":{"id":"req_5XtCFTCZgJZCbQ25hBfM8","status":"processing","started":1760447040969,"duration_ms":0,"formation_id":"memory-test-formation","user_id":"0","tokens":{"total":[0,0,0,0,0,0],"breakdown":{}}},"data":{"query_length":26,"limit":50,"has_filter":true,"has_query_vector":false,"recency_bias":0.3,"session_id":null,"session_bias":0.5,"buffer_size":1,"has_vector_search":true,"description":"Working memory search started"}}
{"id":"evt_WdYJ_1U9xHRdXXx9DuObd","timestamp":1760447041284,"level":"info","muxi_version":"0.2025.0","server":"MacBookPro.cable.virginm.net","event":"memory.working.updated","session_id":null,"request":{"id":"req_rFdT7FQn13wOt0oiVowP_","status":"completed","started":1760447036519,"duration_ms":4764,"formation_id":"memory-test-formation","user_id":"0","tokens":{"total":[2271,2185,86,0,0,0],"breakdown":{"openai/text-embedding-3-small":[43,43,0,0,0,0],"openai/gpt-4o":[2228,2142,86,0,0,0]}}},"data":{"agent_id":"overlord","operation":"add_to_buffer_memory","description":"Successfully added message to buffer memory"}}
{"id":"evt_1rsbTrQgTSELzB1DOMzw1","timestamp":1760447041390,"level":"info","muxi_version":"0.2025.0","server":"MacBookPro.cable.virginm.net","event":"memory.working.updated","session_id":null,"request":{"id":"req_5XtCFTCZgJZCbQ25hBfM8","status":"processing","started":1760447040969,"duration_ms":421,"formation_id":"memory-test-formation","user_id":"0","tokens":{"total":[6,6,0,0,0,0],"breakdown":{"openai/text-embedding-3-small":[6,6,0,0,0,0]}}},"data":{"agent_id":"overlord","operation":"add_to_buffer_memory","description":"Successfully added message to buffer memory"}}
{"id":"evt_megelm_oIXjyenZNY8b3z","timestamp":1760447041709,"level":"info","muxi_version":"0.2025.0","server":"MacBookPro.cable.virginm.net","event":"request.validated","session_id":null,"request":{"id":"req_5XtCFTCZgJZCbQ25hBfM8","status":"processing","started":1760447040969,"duration_ms":740,"formation_id":"memory-test-formation","user_id":"0","tokens":{"total":[12,12,0,0,0,0],"breakdown":{"openai/text-embedding-3-small":[12,12,0,0,0,0]}}},"data":{"operation":"extraction_task_created","user_id":"0","description":"Creating extraction task"}}
{"id":"evt_eHCBSBw8HH09C14SEeNTg","timestamp":1760447041710,"level":"info","muxi_version":"0.2025.0","server":"MacBookPro.cable.virginm.net","event":"server.started","session_id":null,"request":{"id":"req_5XtCFTCZgJZCbQ25hBfM8","status":"processing","started":1760447040969,"duration_ms":741,"formation_id":"memory-test-formation","user_id":"0","tokens":{"total":[12,12,0,0,0,0],"breakdown":{"openai/text-embedding-3-small":[12,12,0,0,0,0]}}},"data":{"service":"_process_sync_chat_entry","agent_name":null,"user_id":"0","session_id":null,"message_preview":"=== CURRENT REQUEST ===\nUser: What is my favorite ","description":"_process_sync_chat ENTRY: agent=None, session=None"}}{"id":"evt_bbo_WuzAb2J3qNZ6uhkUR","timestamp":1760447041710,"level":"info","muxi_version":"0.2025.0","server":"MacBookPro.cable.virginm.net","event":"model.request.started","session_id":null,"request":{"id":"req_5XtCFTCZgJZCbQ25hBfM8","status":"processing","started":1760447040969,"duration_ms":741,"formation_id":"memory-test-formation","user_id":"0","tokens":{"total":[12,12,0,0,0,0],"breakdown":{"openai/text-embedding-3-small":[12,12,0,0,0,0]}}},"data":{"model":"openai/gpt-4o","provider":"openai","message_count":1,"has_files":false,"file_count":0,"fusion_mode":"adaptive","temperature":0.2,"max_tokens":10,"metadata":null,"description":"LLM chat request started for openai/gpt-4o"}}

{"id":"evt_1StJ7CPNvyHrAmIpzTziZ","timestamp":1760447041710,"level":"info","muxi_version":"0.2025.0","server":"MacBookPro.cable.virginm.net","event":"request.validated","session_id":null,"request":{"id":"req_5XtCFTCZgJZCbQ25hBfM8","status":"processing","started":1760447040969,"duration_ms":741,"formation_id":"memory-test-formation","user_id":"0","tokens":{"total":[12,12,0,0,0,0],"breakdown":{"openai/text-embedding-3-small":[12,12,0,0,0,0]}}},"data":{"operation":"extract_async_called","user_id":"0","description":"Extraction async method started"}}
{"id":"evt_72bwBJjX9BKgeYgckclED","timestamp":1760447041710,"level":"info","muxi_version":"0.2025.0","server":"MacBookPro.cable.virginm.net","event":"request.validated","session_id":null,"request":{"id":"req_5XtCFTCZgJZCbQ25hBfM8","status":"processing","started":1760447040969,"duration_ms":741,"formation_id":"memory-test-formation","user_id":"0","tokens":{"total":[12,12,0,0,0,0],"breakdown":{"openai/text-embedding-3-small":[12,12,0,0,0,0]}}},"data":{"operation":"calling_overlord_extract","user_id":"0","description":"About to call overlord.extract_user_information"}}
{"id":"evt_0PzVJrzMRQxRQyWWrMk0w","timestamp":1760447041710,"level":"info","muxi_version":"0.2025.0","server":"MacBookPro.cable.virginm.net","event":"request.validated","session_id":null,"request":{"id":"req_5XtCFTCZgJZCbQ25hBfM8","status":"processing","started":1760447040969,"duration_ms":741,"formation_id":"memory-test-formation","user_id":"0","tokens":{"total":[12,12,0,0,0,0],"breakdown":{"openai/text-embedding-3-small":[12,12,0,0,0,0]}}},"data":{"operation":"overlord_calling_coordinator","has_coordinator":true,"user_id":"0","description":"Overlord about to call extraction coordinator"}}
{"id":"evt_bBSVMa9Du6Q8FsX8H90dL","timestamp":1760447041711,"level":"info","muxi_version":"0.2025.0","server":"MacBookPro.cable.virginm.net","event":"model.request.started","session_id":null,"request":{"id":"req_5XtCFTCZgJZCbQ25hBfM8","status":"processing","started":1760447040969,"duration_ms":741,"formation_id":"memory-test-formation","user_id":"0","tokens":{"total":[12,12,0,0,0,0],"breakdown":{"openai/text-embedding-3-small":[12,12,0,0,0,0]}}},"data":{"model":"openai/gpt-4o","provider":"openai","message_count":1,"has_files":false,"file_count":0,"fusion_mode":"adaptive","temperature":0.2,"max_tokens":2000,"metadata":null,"description":"LLM chat request started for openai/gpt-4o"}}
{"id":"evt_xHMu2NHFE2_Glk7uurDxX","timestamp":1760447042649,"level":"info","muxi_version":"0.2025.0","server":"MacBookPro.cable.virginm.net","event":"model.request.started","session_id":null,"request":{"id":"req_5XtCFTCZgJZCbQ25hBfM8","status":"processing","started":1760447040969,"duration_ms":1680,"formation_id":"memory-test-formation","user_id":"0","tokens":{"total":[127,126,1,0,0,0],"breakdown":{"openai/text-embedding-3-small":[12,12,0,0,0,0],"openai/gpt-4o":[115,114,1,0,0,0]}}},"data":{"model":"openai/gpt-4o","provider":"openai","message_count":1,"has_files":false,"file_count":0,"fusion_mode":"adaptive","temperature":0.2,"max_tokens":250,"metadata":null,"description":"LLM chat request started for openai/gpt-4o"}}
{"id":"evt_WU0DlI0PyAHloqZYwn9jj","timestamp":1760447042677,"level":"info","muxi_version":"0.2025.0","server":"MacBookPro.cable.virginm.net","event":"request.validated","session_id":null,"request":{"id":"req_5XtCFTCZgJZCbQ25hBfM8","status":"processing","started":1760447040969,"duration_ms":1708,"formation_id":"memory-test-formation","user_id":"0","tokens":{"total":[1065,1051,14,0,0,0],"breakdown":{"openai/text-embedding-3-small":[12,12,0,0,0,0],"openai/gpt-4o":[1053,1039,14,0,0,0]}}},"data":{"operation":"overlord_extract_completed","user_id":"0","description":"overlord.extract_user_information completed"}}{"id":"evt_26YhymwROGSYy44_jptYr","timestamp":1760447042677,"level":"info","muxi_version":"0.2025.0","server":"MacBookPro.cable.virginm.net","event":"request.validated","session_id":null,"request":{"id":"req_5XtCFTCZgJZCbQ25hBfM8","status":"processing","started":1760447040969,"duration_ms":1708,"formation_id":"memory-test-formation","user_id":"0","tokens":{"total":[1065,1051,14,0,0,0],"breakdown":{"openai/text-embedding-3-small":[12,12,0,0,0,0],"openai/gpt-4o":[1053,1039,14,0,0,0]}}},"data":{"operation":"coordinator_call_completed","user_id":"0","description":"Coordinator call completed successfully"}}

{"id":"evt_fnkMbVqXjnpasWr10AJvF","timestamp":1760447044012,"level":"info","muxi_version":"0.2025.0","server":"MacBookPro.cable.virginm.net","event":"error.internal.error","session_id":null,"request":{"id":"req_5XtCFTCZgJZCbQ25hBfM8","status":"processing","started":1760447040969,"duration_ms":3042,"formation_id":"memory-test-formation","user_id":"0","tokens":{"total":[2321,2255,66,0,0,0],"breakdown":{"openai/text-embedding-3-small":[12,12,0,0,0,0],"openai/gpt-4o":[2309,2243,66,0,0,0]}}},"data":{"provider":"openai","model":"gpt-4o","timeout":30.0,"max_retries":3,"fallback_model":null,"circuit_breaker_enabled":true,"description":"Initialized LLM with openai/gpt-4o"}}
{"id":"evt_qkbt5zGJiFaojwnSVOFpa","timestamp":1760447044012,"level":"info","muxi_version":"0.2025.0","server":"MacBookPro.cable.virginm.net","event":"model.request.started","session_id":null,"request":{"id":"req_5XtCFTCZgJZCbQ25hBfM8","status":"processing","started":1760447040969,"duration_ms":3043,"formation_id":"memory-test-formation","user_id":"0","tokens":{"total":[2321,2255,66,0,0,0],"breakdown":{"openai/text-embedding-3-small":[12,12,0,0,0,0],"openai/gpt-4o":[2309,2243,66,0,0,0]}}},"data":{"model":"openai/gpt-4o","provider":"openai","message_count":1,"has_files":false,"file_count":0,"fusion_mode":"adaptive","temperature":0.1,"max_tokens":20,"metadata":null,"description":"LLM chat request started for openai/gpt-4o"}}
{"id":"evt_hu2djGN0amw6kcpy8jL3H","timestamp":1760447044905,"level":"info","muxi_version":"0.2025.0","server":"MacBookPro.cable.virginm.net","event":"clarification.request.sent","session_id":null,"request":{"id":"req_5XtCFTCZgJZCbQ25hBfM8","status":"processing","started":1760447040969,"duration_ms":3936,"formation_id":"memory-test-formation","user_id":"0","tokens":{"total":[2604,2536,68,0,0,0],"breakdown":{"openai/text-embedding-3-small":[12,12,0,0,0,0],"openai/gpt-4o":[2592,2524,68,0,0,0]}}},"data":{"session_id":null,"agent_name":null,"auto_decomposition":true,"has_pending_clarifications":false,"message_preview":"=== CURRENT REQUEST ===\nUser: What is my favorite color?\n\n=== CONVERSATION CONTEXT (Most Recent Firs","description":"Checking workflow analysis conditions"}}
{"id":"evt_6st9mDZjhhqT8rZhG8xVv","timestamp":1760447044905,"level":"info","muxi_version":"0.2025.0","server":"MacBookPro.cable.virginm.net","event":"model.request.started","session_id":null,"request":{"id":"req_5XtCFTCZgJZCbQ25hBfM8","status":"processing","started":1760447040969,"duration_ms":3936,"formation_id":"memory-test-formation","user_id":"0","tokens":{"total":[2604,2536,68,0,0,0],"breakdown":{"openai/text-embedding-3-small":[12,12,0,0,0,0],"openai/gpt-4o":[2592,2524,68,0,0,0]}}},"data":{"model":"openai/gpt-4o","provider":"openai","message_count":1,"has_files":false,"file_count":0,"fusion_mode":"adaptive","temperature":0.2,"max_tokens":1000,"metadata":null,"description":"LLM chat request started for openai/gpt-4o"}}
{"id":"evt_9mKi3aSfYQhhU11YAyyzw","timestamp":1760447050528,"level":"info","muxi_version":"0.2025.0","server":"MacBookPro.cable.virginm.net","event":"request.topics.extracted","session_id":null,"request":{"id":"req_5XtCFTCZgJZCbQ25hBfM8","status":"processing","started":1760447040969,"duration_ms":9559,"formation_id":"memory-test-formation","user_id":"0","tokens":{"total":[4456,4188,268,0,0,0],"breakdown":{"openai/text-embedding-3-small":[12,12,0,0,0,0],"openai/gpt-4o":[4444,4176,268,0,0,0]}}},"data":{"topics":["personal-preferences","general-questions"],"topic_count":2,"complexity_score":1.0,"analysis_method":"llm","description":"Extracted 2 topic tags from request"}}
{"id":"evt_g_T1qY0TGCSoamUUQfQn5","timestamp":1760447050530,"level":"info","muxi_version":"0.2025.0","server":"MacBookPro.cable.virginm.net","event":"server.started","session_id":null,"request":{"id":"req_5XtCFTCZgJZCbQ25hBfM8","status":"processing","started":1760447040969,"duration_ms":9560,"formation_id":"memory-test-formation","user_id":"0","tokens":{"total":[4456,4188,268,0,0,0],"breakdown":{"openai/text-embedding-3-small":[12,12,0,0,0,0],"openai/gpt-4o":[4444,4176,268,0,0,0]}}},"data":{"service":"workflow_analysis_result","complexity_score":1.0,"threshold":7.0,"exceeds_threshold":false,"requires_decomposition":false,"requires_approval":false,"explicit_sop_request":null,"description":"Workflow analysis: score=1.0, threshold=7.0, trigger=False"}}{"id":"evt_Ol_hO7_9rK9ijag4u6gHO","timestamp":1760447050530,"level":"info","muxi_version":"0.2025.0","server":"MacBookPro.cable.virginm.net","event":"server.request.received","session_id":null,"request":{"id":"req_5XtCFTCZgJZCbQ25hBfM8","status":"processing","started":1760447040969,"duration_ms":9561,"formation_id":"memory-test-formation","user_id":"0","tokens":{"total":[4456,4188,268,0,0,0],"breakdown":{"openai/text-embedding-3-small":[12,12,0,0,0,0],"openai/gpt-4o":[4444,4176,268,0,0,0]}}},"data":{"service":"scheduler_check","has_analysis":true,"is_scheduling_request":false,"scheduler_service_available":false,"message_preview":"=== CURRENT REQUEST ===\nUser: What is my favorite color?\n\n=== CONVERSATION CONTEXT (Most Recent Firs","description":"Checking scheduler routing - analysis: True, scheduler: False"}}
{"id":"evt_21ejyAV2psmagl0imM7xm","timestamp":1760447050530,"level":"info","muxi_version":"0.2025.0","server":"MacBookPro.cable.virginm.net","event":"server.request.received","session_id":null,"request":{"id":"req_5XtCFTCZgJZCbQ25hBfM8","status":"processing","started":1760447040969,"duration_ms":9561,"formation_id":"memory-test-formation","user_id":"0","tokens":{"total":[4456,4188,268,0,0,0],"breakdown":{"openai/text-embedding-3-small":[12,12,0,0,0,0],"openai/gpt-4o":[4444,4176,268,0,0,0]}}},"data":{"service":"request_analyzer_result","analysis_fields":["__abstractmethods__","__annotations__","__class__","__class_getitem__","__class_vars__","__copy__","__deepcopy__","__delattr__","__dict__","__dir__","__doc__","__eq__","__fields__","__fields_set__","__format__","__ge__","__get_pydantic_core_schema__","__get_pydantic_json_schema__","__getattr__","__getattribute__","__getstate__","__gt__","__hash__","__init__","__init_subclass__","__iter__","__le__","__lt__","__module__","__ne__","__new__","__pretty__","__private_attributes__","__pydantic_complete__","__pydantic_computed_fields__","__pydantic_core_schema__","__pydantic_custom_init__","__pydantic_decorators__","__pydantic_extra__","__pydantic_fields__","__pydantic_fields_set__","__pydantic_generic_metadata__","__pydantic_init_subclass__","__pydantic_parent_namespace__","__pydantic_post_init__","__pydantic_private__","__pydantic_root_model__","__pydantic_serializer__","__pydantic_setattr_handlers__","__pydantic_validator__","__reduce__","__reduce_ex__","__replace__","__repr__","__repr_args__","__repr_name__","__repr_recursion__","__repr_str__","__rich_repr__","__setattr__","__setstate__","__signature__","__sizeof__","__slots__","__str__","__subclasshook__","__weakref__","_abc_impl","_calculate_keys","_copy_and_set_values","_get_value","_iter","_setattr_handler","acceptance_criteria","complexity_score","confidence_score","construct","copy","dict","explicit_sop_request","from_orm","implicit_subtasks","is_explicit_approval_request","is_scheduling_request","is_security_threat","json","model_computed_fields","model_config","model_construct","model_copy","model_dump","model_dump_json","model_extra","model_fields","model_fields_set","model_json_schema","model_parametrized_name","model_post_init","model_rebuild","model_validate","model_validate_json","model_validate_strings","parse_file","parse_obj","parse_raw","required_capabilities","requires_approval","requires_decomposition","schema","schema_json","threat_type","topics","update_forward_refs","validate","validate_non_empty_lists","validate_threat_type"],"is_scheduling_request":false,"complexity_score":1.0,"requires_decomposition":false,"message_analyzed":"What is my favorite color?","description":"Request analyzer returned: scheduling=False"}}

{"id":"evt_u6VNIjedeD3bym14fd4A6","timestamp":1760447050534,"level":"warning","muxi_version":"0.2025.0","server":"MacBookPro.cable.virginm.net","event":"clarification.request.sent","session_id":null,"request":{"id":"req_5XtCFTCZgJZCbQ25hBfM8","status":"processing","started":1760447040969,"duration_ms":9565,"formation_id":"memory-test-formation","user_id":"0","tokens":{"total":[4456,4188,268,0,0,0],"breakdown":{"openai/text-embedding-3-small":[12,12,0,0,0,0],"openai/gpt-4o":[4444,4176,268,0,0,0]}}},"data":{"session_id":null,"has_pending_clarifications":false,"pending_clarification_type":null,"message":"=== CURRENT REQUEST ===\nUser: What is my favorite color?\n\n=== CONVERSATION CONTEXT (Most Recent Firs","description":"Agent selection triggered - check if this should have been handled as clarification"}}
{"id":"evt_eiZKFUfbAQWw0tLU1E88r","timestamp":1760447050537,"level":"info","muxi_version":"0.2025.0","server":"MacBookPro.cable.virginm.net","event":"model.request.started","session_id":null,"request":{"id":"req_5XtCFTCZgJZCbQ25hBfM8","status":"processing","started":1760447040969,"duration_ms":9568,"formation_id":"memory-test-formation","user_id":"0","tokens":{"total":[4456,4188,268,0,0,0],"breakdown":{"openai/text-embedding-3-small":[12,12,0,0,0,0],"openai/gpt-4o":[4444,4176,268,0,0,0]}}},"data":{"model":"openai/gpt-4o-mini","provider":"openai","message_count":1,"has_files":false,"file_count":0,"fusion_mode":"adaptive","temperature":0.2,"max_tokens":2000,"metadata":null,"description":"LLM chat request started for openai/gpt-4o-mini"}}
{"id":"evt_HrhDQDM98oXcJdD2My427","timestamp":1760447050540,"level":"info","muxi_version":"0.2025.0","server":"MacBookPro.cable.virginm.net","event":"overlord.agent.selection_started","session_id":null,"request":{"id":"req_5XtCFTCZgJZCbQ25hBfM8","status":"processing","started":1760447040969,"duration_ms":9571,"formation_id":"memory-test-formation","user_id":"0","tokens":{"total":[4456,4188,268,0,0,0],"breakdown":{"openai/text-embedding-3-small":[12,12,0,0,0,0],"openai/gpt-4o":[4444,4176,268,0,0,0]}}},"data":{"message":"=== CURRENT REQUEST ===\nUser: What is my favorite color?\n\n=== CONVERSATION CONTEXT (Most Recent First) ===\n[14:03] User: What do you remember about my pets and travel plans?\n[14:04] Assistant: Could y","description":"Starting agent selection process"}}
{"id":"evt_5VoXDidBKXBUD5x8j_42w","timestamp":1760447051558,"level":"info","muxi_version":"0.2025.0","server":"MacBookPro.cable.virginm.net","event":"overlord.agent.selected","session_id":null,"request":{"id":"req_5XtCFTCZgJZCbQ25hBfM8","status":"processing","started":1760447040969,"duration_ms":10589,"formation_id":"memory-test-formation","user_id":"0","tokens":{"total":[4767,4495,272,0,0,0],"breakdown":{"openai/text-embedding-3-small":[12,12,0,0,0,0],"openai/gpt-4o":[4444,4176,268,0,0,0],"openai/gpt-4o-mini":[311,307,4,0,0,0]}}},"data":{"selected_agent":"memory_agent","description":"Agent selection completed: memory_agent"}}{"id":"evt_6ziidGIFMEM1Eny1B3tkR","timestamp":1760447051558,"level":"info","muxi_version":"0.2025.0","server":"MacBookPro.cable.virginm.net","event":"agent.message.processing","session_id":null,"request":{"id":"req_5XtCFTCZgJZCbQ25hBfM8","status":"processing","started":1760447040969,"duration_ms":10589,"formation_id":"memory-test-formation","user_id":"0","tokens":{"total":[4767,4495,272,0,0,0],"breakdown":{"openai/text-embedding-3-small":[12,12,0,0,0,0],"openai/gpt-4o":[4444,4176,268,0,0,0],"openai/gpt-4o-mini":[311,307,4,0,0,0]}}},"data":{"agent_id":"memory_agent","agent_name":"Memory Test Agent","message_length":360,"description":"Agent memory_agent processing message"}}
{"id":"evt_ChGOtNQ9uj29cTL0xvyWe","timestamp":1760447051559,"level":"info","muxi_version":"0.2025.0","server":"MacBookPro.cable.virginm.net","event":"agent.planning","session_id":null,"request":{"id":"req_5XtCFTCZgJZCbQ25hBfM8","status":"processing","started":1760447040969,"duration_ms":10590,"formation_id":"memory-test-formation","user_id":"0","tokens":{"total":[4767,4495,272,0,0,0],"breakdown":{"openai/text-embedding-3-small":[12,12,0,0,0,0],"openai/gpt-4o":[4444,4176,268,0,0,0],"openai/gpt-4o-mini":[311,307,4,0,0,0]}}},"data":{"agent_id":"memory_agent","phase":"planning_start","available_tools":["generate_file"],"tool_count":1,"description":"Agent memory_agent starting planning with 1 tools"}}

{"id":"evt_SI2urfQcNqKAPB5GRYszi","timestamp":1760447051559,"level":"info","muxi_version":"0.2025.0","server":"MacBookPro.cable.virginm.net","event":"model.request.started","session_id":null,"request":{"id":"req_5XtCFTCZgJZCbQ25hBfM8","status":"processing","started":1760447040969,"duration_ms":10590,"formation_id":"memory-test-formation","user_id":"0","tokens":{"total":[4767,4495,272,0,0,0],"breakdown":{"openai/text-embedding-3-small":[12,12,0,0,0,0],"openai/gpt-4o":[4444,4176,268,0,0,0],"openai/gpt-4o-mini":[311,307,4,0,0,0]}}},"data":{"model":"openai/gpt-4o","provider":"openai","message_count":2,"has_files":false,"file_count":0,"fusion_mode":"adaptive","temperature":0.1,"max_tokens":1000,"metadata":null,"description":"LLM chat request started for openai/gpt-4o"}}
{"id":"evt_5h5FrsYI09tUfk_svrW1o","timestamp":1760447053170,"level":"info","muxi_version":"0.2025.0","server":"MacBookPro.cable.virginm.net","event":"agent.planning","session_id":null,"request":{"id":"req_5XtCFTCZgJZCbQ25hBfM8","status":"processing","started":1760447040969,"duration_ms":12201,"formation_id":"memory-test-formation","user_id":"0","tokens":{"total":[6129,5821,308,0,0,0],"breakdown":{"openai/text-embedding-3-small":[12,12,0,0,0,0],"openai/gpt-4o":[5806,5502,304,0,0,0],"openai/gpt-4o-mini":[311,307,4,0,0,0]}}},"data":{"agent_id":"memory_agent","phase":"raw_response","raw_plan":"```json\n{\n    \"steps\": [],\n    \"my_steps\": [],\n    \"delegate_steps\": [],\n    \"data_flow\": \"Direct response - no tools needed\"\n}\n```","description":"Raw planning response from LLM"}}
{"id":"evt_cbX3z2m2fB0wkZhccptPl","timestamp":1760447053170,"level":"info","muxi_version":"0.2025.0","server":"MacBookPro.cable.virginm.net","event":"agent.planning","session_id":null,"request":{"id":"req_5XtCFTCZgJZCbQ25hBfM8","status":"processing","started":1760447040969,"duration_ms":12201,"formation_id":"memory-test-formation","user_id":"0","tokens":{"total":[6129,5821,308,0,0,0],"breakdown":{"openai/text-embedding-3-small":[12,12,0,0,0,0],"openai/gpt-4o":[5806,5502,304,0,0,0],"openai/gpt-4o-mini":[311,307,4,0,0,0]}}},"data":{"agent_id":"memory_agent","request":"What is my favorite color?","plan":{"steps":[],"my_steps":[],"delegate_steps":[],"data_flow":"Direct response - no tools needed"},"can_do_steps":0,"need_help_steps":0,"description":"Agent memory_agent created execution plan"}}
{"id":"evt_cr1RBsGM4vJfExFBuU1Qn","timestamp":1760447053171,"level":"info","muxi_version":"0.2025.0","server":"MacBookPro.cable.virginm.net","event":"agent.planning","session_id":null,"request":{"id":"req_5XtCFTCZgJZCbQ25hBfM8","status":"processing","started":1760447040969,"duration_ms":12201,"formation_id":"memory-test-formation","user_id":"0","tokens":{"total":[6129,5821,308,0,0,0],"breakdown":{"openai/text-embedding-3-small":[12,12,0,0,0,0],"openai/gpt-4o":[5806,5502,304,0,0,0],"openai/gpt-4o-mini":[311,307,4,0,0,0]}}},"data":{"agent_id":"memory_agent","phase":"execution_plan_ready","has_my_steps":false,"has_delegate_steps":false,"my_steps_count":0,"delegate_steps_count":0,"description":"Execution plan ready for memory_agent"}}
{"id":"evt_4iCzVdZWysWCSOH5oMZ9J","timestamp":1760447053171,"level":"info","muxi_version":"0.2025.0","server":"MacBookPro.cable.virginm.net","event":"model.request.started","session_id":null,"request":{"id":"req_5XtCFTCZgJZCbQ25hBfM8","status":"processing","started":1760447040969,"duration_ms":12202,"formation_id":"memory-test-formation","user_id":"0","tokens":{"total":[6129,5821,308,0,0,0],"breakdown":{"openai/text-embedding-3-small":[12,12,0,0,0,0],"openai/gpt-4o":[5806,5502,304,0,0,0],"openai/gpt-4o-mini":[311,307,4,0,0,0]}}},"data":{"model":"openai/gpt-4o","provider":"openai","message_count":2,"has_files":false,"file_count":0,"fusion_mode":"adaptive","temperature":0.7,"max_tokens":2000,"metadata":null,"description":"LLM chat request started for openai/gpt-4o"}}
{"id":"evt_kSxFYjkexoHoYfjf24wAS","timestamp":1760447054509,"level":"info","muxi_version":"0.2025.0","server":"MacBookPro.cable.virginm.net","event":"error.internal.error","session_id":null,"request":{"id":"req_5XtCFTCZgJZCbQ25hBfM8","status":"processing","started":1760447040969,"duration_ms":13540,"formation_id":"memory-test-formation","user_id":"0","tokens":{"total":[6271,5934,337,0,0,0],"breakdown":{"openai/text-embedding-3-small":[12,12,0,0,0,0],"openai/gpt-4o":[5948,5615,333,0,0,0],"openai/gpt-4o-mini":[311,307,4,0,0,0]}}},"data":{"provider":"openai","model":"gpt-4o","timeout":30.0,"max_retries":3,"fallback_model":null,"circuit_breaker_enabled":true,"description":"Initialized LLM with openai/gpt-4o"}}
{"id":"evt_PhZXBKe2N3CUKChzgg9Bz","timestamp":1760447054509,"level":"info","muxi_version":"0.2025.0","server":"MacBookPro.cable.virginm.net","event":"agent.response.generated","session_id":null,"request":{"id":"req_5XtCFTCZgJZCbQ25hBfM8","status":"processing","started":1760447040969,"duration_ms":13540,"formation_id":"memory-test-formation","user_id":"0","tokens":{"total":[6271,5934,337,0,0,0],"breakdown":{"openai/text-embedding-3-small":[12,12,0,0,0,0],"openai/gpt-4o":[5948,5615,333,0,0,0],"openai/gpt-4o-mini":[311,307,4,0,0,0]}}},"data":{"agent_id":"memory_agent","response_type":"direct_simple_response","plan_type":"empty_plan","description":"Agent memory_agent provided direct response for simple request"}}
{"id":"evt_59fOm49IjuRihU251Mmo8","timestamp":1760447054510,"level":"info","muxi_version":"0.2025.0","server":"MacBookPro.cable.virginm.net","event":"model.request.started","session_id":null,"request":{"id":"req_5XtCFTCZgJZCbQ25hBfM8","status":"processing","started":1760447040969,"duration_ms":13540,"formation_id":"memory-test-formation","user_id":"0","tokens":{"total":[6271,5934,337,0,0,0],"breakdown":{"openai/text-embedding-3-small":[12,12,0,0,0,0],"openai/gpt-4o":[5948,5615,333,0,0,0],"openai/gpt-4o-mini":[311,307,4,0,0,0]}}},"data":{"model":"openai/gpt-4o","provider":"openai","message_count":1,"has_files":false,"file_count":0,"fusion_mode":"adaptive","temperature":0.7,"max_tokens":2000,"metadata":null,"description":"LLM chat request started for openai/gpt-4o"}}
{"id":"evt_bwqMp9wmMhkxUDBv78E3j","timestamp":1760447054940,"level":"info","muxi_version":"0.2025.0","server":"MacBookPro.cable.virginm.net","event":"memory.working.updated","session_id":null,"request":{"id":"req_5XtCFTCZgJZCbQ25hBfM8","status":"processing","started":1760447040969,"duration_ms":13971,"formation_id":"memory-test-formation","user_id":"0","tokens":{"total":[6303,5966,337,0,0,0],"breakdown":{"openai/text-embedding-3-small":[44,44,0,0,0,0],"openai/gpt-4o":[5948,5615,333,0,0,0],"openai/gpt-4o-mini":[311,307,4,0,0,0]}}},"data":{"agent_id":"memory_agent","operation":"add_to_buffer_memory","description":"Successfully added message to buffer memory"}}

User: What is my favorite color?
Assistant: Sure thing!

---

### About Your Favorite Color

I wish I could tell you what your favorite color is, but unfortunately, I don't have that information. However, I'd love to know! If you share it with ...
  ✗ Color preference not persisted
{"id":"evt_nMP4UpiD5oIcCEgwhSkTy","timestamp":1760447057511,"level":"info","muxi_version":"0.2025.0","server":"MacBookPro.cable.virginm.net","event":"request.completed","session_id":null,"request":{"id":"req_5XtCFTCZgJZCbQ25hBfM8","status":"completed","started":1760447040969,"duration_ms":16542,"formation_id":"memory-test-formation","user_id":"0","tokens":{"total":[6686,6277,409,0,0,0],"breakdown":{"openai/text-embedding-3-small":[44,44,0,0,0,0],"openai/gpt-4o":[6331,5926,405,0,0,0],"openai/gpt-4o-mini":[311,307,4,0,0,0]}}},"data":{"description":"Request req_5XtCFTCZgJZCbQ25hBfM8 completed in 16541ms"}}
{"id":"evt_o83XA9TloNxRENyst_4L4","timestamp":1760447057511,"level":"info","muxi_version":"0.2025.0","server":"MacBookPro.cable.virginm.net","event":"overlord.shutdown","data":{"active_requests":0,"description":"Overlord shutdown complete - no active requests remaining"}}
✅ Overlord shutdown gracefully - all agents finished their work
{"id":"evt_moA8Z0IE2erUUrP34QCMS","timestamp":1760447057512,"level":"info","muxi_version":"0.2025.0","server":"MacBookPro.cable.virginm.net","event":"mcp.server.disconnected","data":{"action":"disconnect_all","description":"All MCP servers disconnected during Formation shutdown"}}
{"id":"evt_9rXN4bHJr1lvkRPuzHhs9","timestamp":1760447057512,"level":"info","muxi_version":"0.2025.0","server":"MacBookPro.cable.virginm.net","event":"service.started","data":{"service":"mcp","action":"shutdown","total_servers":0,"disconnected":0,"failed":0,"servers":{},"description":"MCP service shutdown complete"}}

========================================

### Test Result:
  ❌ FAILED: 2b1_sqlite_persistence
  ✗ Information stored successfully

  Duration: 48.34s

========================================

### Chat transcript:
User: My favorite color is blue and I have two cats named Whiskers and Shadow.
System: Could you please specify what you need help with?...

User: I'm planning a trip to Japan next summer for two weeks.
System: Could you please specify what you need help with regarding your trip to Japan or any other topic?...

User: What do you remember about my pets and travel plans?
System: Could you please provide more details about what specific information you're looking for regarding your pets and travel plans?...

User: What is my favorite color?
System: Sure thing!

---

### About Your Favorite Color

I wish I could tell you what your favorite color is, but unfortunately, I don't have that information. However, I'd love to know! If you share it with me, I'll remember it for the rest of our chat.

Feel free to tell me more about your likes and dislikes—I'm here to help!...


============================================================
TEST: 2b1_multi_session_persistence
Description: Test SQLite persistence with multiple users
============================================================

{"id":"evt_QZALRmSUdNpnZGwqIOkIT","timestamp":1760447057538,"level":"info","muxi_version":"0.2025.0","server":"MacBookPro.cable.virginm.net","event":"overlord.initializing","data":{"formation_path":"/Users/ran/Projects/muxi/code/runtime/e2e/tests/2_memory/formations/formation-memory/formation-sqlite.yaml","description":"Starting formation loading from /Users/ran/Projects/muxi/code/runtime/e2e/tests/2_memory/formations/formation-memory/formation-sqlite.yaml"}}
{"id":"evt_dbypdB3uLvGabLv4ml3hX","timestamp":1760447057552,"level":"info","muxi_version":"0.2025.0","server":"MacBookPro.cable.virginm.net","event":"overlord.initializing","data":{"description":"PromptLoader initialized successfully"}}
{"id":"evt_GnWZoefGuLd2a3jRNQqDP","timestamp":1760447057553,"level":"info","muxi_version":"0.2025.0","server":"MacBookPro.cable.virginm.net","event":"service.initializing","data":{"service":"llm","capabilities":["text","embedding","vision","audio","documents","streaming"],"capability_count":6,"text_model":"openai/gpt-4o","capabilities_using_text_fallback":["vision","audio","documents","streaming"],"description":"LLM configuration initialized with 6 capabilities. Using text model 'openai/gpt-4o' as fallback for: vision, audio, documents, streaming"}}
{"id":"evt_omg96zgFjik54acziHWDl","timestamp":1760447057554,"level":"info","muxi_version":"0.2025.0","server":"MacBookPro.cable.virginm.net","event":"service.initializing","data":{"service":"buffer_memory","size":50,"multiplier":10,"vector_search":true,"mode":"local","description":"Buffer memory initialized with size 50"}}
{"id":"evt_5iT5laym1KljKt7KPE4lD","timestamp":1760447057559,"level":"info","muxi_version":"0.2025.0","server":"MacBookPro.cable.virginm.net","event":"service.initializing","data":{"service":"persistent_memory","type":"SQLite","multi_user":false,"description":"Persistent memory initialized with SQLite"}}
{"id":"evt_KTImrqcPbaF5te1mdMNzx","timestamp":1760447057561,"level":"info","muxi_version":"0.2025.0","server":"MacBookPro.cable.virginm.net","event":"database.tables.created","data":{"database_type":"sqlite","description":"Database tables created successfully"}}
{"id":"evt_9kAaYoLVgtR84DyUGSxiO","timestamp":1760447057561,"level":"info","muxi_version":"0.2025.0","server":"MacBookPro.cable.virginm.net","event":"database.tables.created","data":{"tables_created":["users","memories","credentials","scheduled_jobs","scheduled_job_audit"],"description":"All database tables created successfully"}}
{"id":"evt_hkFCLAwOYYVkVjoyUnz5J","timestamp":1760447057885,"level":"info","muxi_version":"0.2025.0","server":"MacBookPro.cable.virginm.net","event":"service.initializing","data":{"services":["request_tracker","webhook_manager"],"description":"Background services initialized"}}{"id":"evt_CKG3_DL44nJ4u_ldToGkU","timestamp":1760447057885,"level":"info","muxi_version":"0.2025.0","server":"MacBookPro.cable.virginm.net","event":"service.initializing","data":{"service":"mcp","server_count":0,"user_configured":0,"description":"Found 0 MCP servers to configure"}}

{"id":"evt_9t8o0t18mdmrrG1CMcxCJ","timestamp":1760447057885,"level":"info","muxi_version":"0.2025.0","server":"MacBookPro.cable.virginm.net","event":"config.formation.loaded","data":{"agent_count":1,"description":"Processed 1 agent configurations"}}
{"id":"evt_zHvUXr5JR4M0aTjPwUYim","timestamp":1760447057885,"level":"info","muxi_version":"0.2025.0","server":"MacBookPro.cable.virginm.net","event":"service.initializing","data":{"formation_id":"memory-test-formation","services_initialized":["formation_config","mcp_servers_with_user_credentials","secrets_manager","formation_path","api_keys","llm_config","memory_config","mcp_config","mcp_servers","a2a_config","logging_config","clarification_config","document_processing_config","scheduler_config","runtime_config","agents_config","observability_manager","buffer_memory","long_term_memory","working_memory_config","document_chunk_manager","request_tracker","webhook_manager","document_chunker","db_manager","is_multi_user","mcp_service"],"description":"All Formation services initialized successfully"}}
{"id":"evt_S12s3YpuGGVir_qRB60kK","timestamp":1760447057886,"level":"info","muxi_version":"0.2025.0","server":"MacBookPro.cable.virginm.net","event":"service.initializing","data":{"factory":"ClientFactory","transports":["agent","jsonrpc","rest","grpc"],"description":"A2A ClientFactory initialized with AgentTransport"}}
{"id":"evt_9eteVZjEVUrJsqa7rt9Kb","timestamp":1760447057886,"level":"info","muxi_version":"0.2025.0","server":"MacBookPro.cable.virginm.net","event":"service.initializing","data":{"description":"Initialized encrypted credential resolver"}}
{"id":"evt_P8V7eXlJGVAVpN5nPnAw0","timestamp":1760447057887,"level":"info","muxi_version":"0.2025.0","server":"MacBookPro.cable.virginm.net","event":"service.initializing","data":{"description":"WorkflowManager initialized"}}
{"id":"evt_JLq0Nu09w1wVd3wpnvBr8","timestamp":1760447057887,"level":"info","muxi_version":"0.2025.0","server":"MacBookPro.cable.virginm.net","event":"service.initialized","data":{"service":"clarification","components":["unified_system"],"description":"Clarification system initialized with unified components"}}
{"id":"evt_LZ35_PEdrMhdQMYPpKqj0","timestamp":1760447057887,"level":"info","muxi_version":"0.2025.0","server":"MacBookPro.cable.virginm.net","event":"error.internal.error","data":{"provider":"openai","model":"gpt-4o-mini","timeout":30.0,"max_retries":3,"fallback_model":null,"circuit_breaker_enabled":true,"description":"Initialized LLM with openai/gpt-4o-mini"}}
{"id":"evt_XHvnZzZEmXh0lXdgxpXlt","timestamp":1760447057887,"level":"info","muxi_version":"0.2025.0","server":"MacBookPro.cable.virginm.net","event":"service.started","data":{"service":"sop_system_init","auto_decomposition":true,"formation_path":"/Users/ran/Projects/muxi/code/runtime/e2e/tests/2_memory/formations/formation-memory","status":"deferred","description":"SOP system initialization deferred (path=/Users/ran/Projects/muxi/code/runtime/e2e/tests/2_memory/formations/formation-memory)"}}
{"id":"evt_M4cnr5iK9Olkb6FgtrI4H","timestamp":1760447057887,"level":"info","muxi_version":"0.2025.0","server":"MacBookPro.cable.virginm.net","event":"error.internal.error","data":{"provider":"openai","model":"gpt-4o","timeout":30.0,"max_retries":3,"fallback_model":null,"circuit_breaker_enabled":true,"description":"Initialized LLM with openai/gpt-4o"}}
{"id":"evt_vWpsmRJncuBJD2AwoawvE","timestamp":1760447057887,"level":"info","muxi_version":"0.2025.0","server":"MacBookPro.cable.virginm.net","event":"server.started","data":{"component":"request_analyzer","has_llm":true,"description":"Updated request_analyzer LLM: True"}}
{"id":"evt_GVNKKO5okBSymtoPkWwTv","timestamp":1760447057887,"level":"info","muxi_version":"0.2025.0","server":"MacBookPro.cable.virginm.net","event":"server.started","data":{"component":"task_decomposer","has_llm":true,"model_source":"overlord.llm.model","description":"Updated task_decomposer LLM from overlord.llm.model: True"}}
{"id":"evt_hbkk6VIHLT1tjoC2uXddB","timestamp":1760447057888,"level":"info","muxi_version":"0.2025.0","server":"MacBookPro.cable.virginm.net","event":"agent.initialized","data":{"agent_id":"memory_agent","agent_name":"Memory Test Agent","a2a_internal":true,"a2a_external":true,"has_system_message":true,"has_knowledge_config":false,"description":"Agent initialized: memory_agent"}}
{"id":"evt_PLeymNJ5ClDKsN4cB4w78","timestamp":1760447057888,"level":"info","muxi_version":"0.2025.0","server":"MacBookPro.cable.virginm.net","event":"error.internal.error","data":{"provider":"openai","model":"gpt-4o","timeout":30.0,"max_retries":3,"fallback_model":null,"circuit_breaker_enabled":true,"description":"Initialized LLM with openai/gpt-4o"}}
{"id":"evt_h_hiZXnMGs47W6kWcg0V7","timestamp":1760447057888,"level":"info","muxi_version":"0.2025.0","server":"MacBookPro.cable.virginm.net","event":"agent.initialized","data":{"agent_id":"memory_agent","name":"Memory Test Agent","role":"general","description":"Agent 'memory_agent' loaded successfully"}}
{"id":"evt_WtLYW9Avt2qqaHjib7bBJ","timestamp":1760447057888,"level":"info","muxi_version":"0.2025.0","server":"MacBookPro.cable.virginm.net","event":"config.formation.loaded","data":{"agent_count":1,"description":"Loaded 1 agents from formation configuration"}}
{"id":"evt_Qjs014e6o0sYKwRGX1PUC","timestamp":1760447057890,"level":"info","muxi_version":"0.2025.0","server":"MacBookPro.cable.virginm.net","event":"agent.initialized","data":{"agent_id":"muxi-generalist","agent_name":"MUXI Generalist","a2a_internal":true,"a2a_external":true,"has_system_message":true,"has_knowledge_config":false,"description":"Agent initialized: muxi-generalist"}}
{"id":"evt_fj3e58464gBdPztgEV9Ys","timestamp":1760447057890,"level":"info","muxi_version":"0.2025.0","server":"MacBookPro.cable.virginm.net","event":"agent.initialized","data":{"agent_id":"muxi-generalist","source":"muxi-default","description":"Loaded MUXI default agent: muxi-generalist"}}
{"id":"evt_f5WFyixmE53zTJjjIaVgQ","timestamp":1760447057890,"level":"info","muxi_version":"0.2025.0","server":"MacBookPro.cable.virginm.net","event":"config.formation.loaded","data":{"default_agent_id":"muxi-generalist","description":"Set muxi-generalist as default fallback agent"}}
{"id":"evt_q7RGPEmdwT8Vq3BFHpUCx","timestamp":1760447057890,"level":"info","muxi_version":"0.2025.0","server":"MacBookPro.cable.virginm.net","event":"service.started","data":{"service":"mcp","source":"formation","description":"MCP service received from Formation"}}
{"id":"evt_UH3zklENCcOS6swEbRyHg","timestamp":1760447057891,"level":"info","muxi_version":"0.2025.0","server":"MacBookPro.cable.virginm.net","event":"service.started","data":{"service":"artifact","description":"Artifact generation service initialized successfully"}}
{"id":"evt_PvnvfzGSENnpEolcFmHFt","timestamp":1760447057891,"level":"info","muxi_version":"0.2025.0","server":"MacBookPro.cable.virginm.net","event":"service.started","data":{"service":"artifact","description":"Artifact service initialized"}}
{"id":"evt_H_ybAI8V2DAREO2jgTr_O","timestamp":1760447057891,"level":"info","muxi_version":"0.2025.0","server":"MacBookPro.cable.virginm.net","event":"service.initializing","data":{"service":"artifact","description":"Initializing artifact generation service"}}
{"id":"evt_mAg51mNZpFNKDvHJIR2u7","timestamp":1760447057891,"level":"info","muxi_version":"0.2025.0","server":"MacBookPro.cable.virginm.net","event":"service.started","data":{"service":"clarification_llm","model":"openai/gpt-4o","description":"Created LLM for clarification: openai/gpt-4o"}}
{"id":"evt_rl78hWmNX0cxDZtTvcb7_","timestamp":1760447057891,"level":"info","muxi_version":"0.2025.0","server":"MacBookPro.cable.virginm.net","event":"service.updated","data":{"service":"clarification","updated_components":["llm","managers"],"description":"Clarification system updated with actual services"}}
{"id":"evt_m100pZUd8930UzZ8CwovB","timestamp":1760447057891,"level":"info","muxi_version":"0.2025.0","server":"MacBookPro.cable.virginm.net","event":"service.started","data":{"service":"formation_capabilities","agent_count":3,"mcp_service_count":0,"total_capabilities":3,"description":"Formation capabilities populated: 3 total"}}
{"id":"evt_6QUFN5v3R4XsTpKoYMMuW","timestamp":1760447057894,"level":"info","muxi_version":"0.2025.0","server":"MacBookPro.cable.virginm.net","event":"user_identifier.resolved","data":{"identifier":"0","muxi_user_id":"uRqPKKs7AOP2F59qU1y3z","internal_user_id":1,"source":"database","formation_id":"memory-test-formation"}}
{"id":"evt_oArw_gFd_NnXQ043c85KG","timestamp":1760447057894,"level":"info","muxi_version":"0.2025.0","server":"MacBookPro.cable.virginm.net","event":"request.received","session_id":null,"request":{"id":"req_hmfr4f8lwpcvLUzdtaGqU","status":"processing","started":1760447057894,"duration_ms":0,"formation_id":"memory-test-formation","user_id":"0","tokens":{"total":[0,0,0,0,0,0],"breakdown":{}}},"data":{"description":"Request req_hmfr4f8lwpcvLUzdtaGqU received"}}
{"id":"evt_TEFTIHtbBwxlQj3PUtZmO","timestamp":1760447057894,"level":"info","muxi_version":"0.2025.0","server":"MacBookPro.cable.virginm.net","event":"request.validated","session_id":null,"request":{"id":"req_hmfr4f8lwpcvLUzdtaGqU","status":"processing","started":1760447057894,"duration_ms":0,"formation_id":"memory-test-formation","user_id":"0","tokens":{"total":[0,0,0,0,0,0],"breakdown":{}}},"data":{"message_valid":true,"agent_exists":true,"has_files":false,"file_count":0,"description":"Request req_hmfr4f8lwpcvLUzdtaGqU validated"}}
{"id":"evt_0JzdIrdOKcgB6g7XZZ29K","timestamp":1760447057894,"level":"info","muxi_version":"0.2025.0","server":"MacBookPro.cable.virginm.net","event":"error.internal.error","session_id":null,"request":{"id":"req_hmfr4f8lwpcvLUzdtaGqU","status":"processing","started":1760447057894,"duration_ms":0,"formation_id":"memory-test-formation","user_id":"0","tokens":{"total":[0,0,0,0,0,0],"breakdown":{}}},"data":{"provider":"openai","model":"text-embedding-3-small","timeout":30.0,"max_retries":3,"fallback_model":null,"circuit_breaker_enabled":true,"description":"Initialized LLM with openai/text-embedding-3-small"}}{"id":"evt_l2jiE_K09uCc_Dp6dMjvM","timestamp":1760447057895,"level":"info","muxi_version":"0.2025.0","server":"MacBookPro.cable.virginm.net","event":"memory.working.lookup","session_id":null,"request":{"id":"req_hmfr4f8lwpcvLUzdtaGqU","status":"processing","started":1760447057894,"duration_ms":0,"formation_id":"memory-test-formation","user_id":"0","tokens":{"total":[0,0,0,0,0,0],"breakdown":{}}},"data":{"query_length":49,"limit":50,"has_filter":true,"has_query_vector":false,"recency_bias":0.3,"session_id":null,"session_bias":0.5,"buffer_size":0,"has_vector_search":true,"description":"Working memory search started"}}

{"id":"evt_3MzL5Xu15Q95f1bIUw02d","timestamp":1760447058243,"level":"info","muxi_version":"0.2025.0","server":"MacBookPro.cable.virginm.net","event":"memory.working.updated","session_id":null,"request":{"id":"req_hmfr4f8lwpcvLUzdtaGqU","status":"processing","started":1760447057894,"duration_ms":348,"formation_id":"memory-test-formation","user_id":"0","tokens":{"total":[14,14,0,0,0,0],"breakdown":{"openai/text-embedding-3-small":[14,14,0,0,0,0]}}},"data":{"agent_id":"overlord","operation":"add_to_buffer_memory","description":"Successfully added message to buffer memory"}}
{"id":"evt_In6mWiRtdr2wGuERiUCtf","timestamp":1760447058344,"level":"info","muxi_version":"0.2025.0","server":"MacBookPro.cable.virginm.net","event":"request.validated","session_id":null,"request":{"id":"req_hmfr4f8lwpcvLUzdtaGqU","status":"processing","started":1760447057894,"duration_ms":450,"formation_id":"memory-test-formation","user_id":"0","tokens":{"total":[28,28,0,0,0,0],"breakdown":{"openai/text-embedding-3-small":[28,28,0,0,0,0]}}},"data":{"operation":"extraction_task_created","user_id":"0","description":"Creating extraction task"}}
{"id":"evt_Z0S_UL7rSWMH3Lh7cki3J","timestamp":1760447058345,"level":"info","muxi_version":"0.2025.0","server":"MacBookPro.cable.virginm.net","event":"server.started","session_id":null,"request":{"id":"req_hmfr4f8lwpcvLUzdtaGqU","status":"processing","started":1760447057894,"duration_ms":450,"formation_id":"memory-test-formation","user_id":"0","tokens":{"total":[28,28,0,0,0,0],"breakdown":{"openai/text-embedding-3-small":[28,28,0,0,0,0]}}},"data":{"service":"_process_sync_chat_entry","agent_name":null,"user_id":"0","session_id":null,"message_preview":"=== CURRENT REQUEST ===\nUser: I'm David, I'm a che","description":"_process_sync_chat ENTRY: agent=None, session=None"}}
{"id":"evt_zLV10WBgr_3ysTtwmjYQK","timestamp":1760447058345,"level":"info","muxi_version":"0.2025.0","server":"MacBookPro.cable.virginm.net","event":"error.internal.error","session_id":null,"request":{"id":"req_hmfr4f8lwpcvLUzdtaGqU","status":"processing","started":1760447057894,"duration_ms":450,"formation_id":"memory-test-formation","user_id":"0","tokens":{"total":[28,28,0,0,0,0],"breakdown":{"openai/text-embedding-3-small":[28,28,0,0,0,0]}}},"data":{"provider":"openai","model":"gpt-4o","timeout":30.0,"max_retries":3,"fallback_model":null,"circuit_breaker_enabled":true,"description":"Initialized LLM with openai/gpt-4o"}}
{"id":"evt_rzbKtabYPX7zHD8RxCRol","timestamp":1760447058345,"level":"info","muxi_version":"0.2025.0","server":"MacBookPro.cable.virginm.net","event":"model.request.started","session_id":null,"request":{"id":"req_hmfr4f8lwpcvLUzdtaGqU","status":"processing","started":1760447057894,"duration_ms":450,"formation_id":"memory-test-formation","user_id":"0","tokens":{"total":[28,28,0,0,0,0],"breakdown":{"openai/text-embedding-3-small":[28,28,0,0,0,0]}}},"data":{"model":"openai/gpt-4o","provider":"openai","message_count":1,"has_files":false,"file_count":0,"fusion_mode":"adaptive","temperature":0.2,"max_tokens":10,"metadata":null,"description":"LLM chat request started for openai/gpt-4o"}}
{"id":"evt_xx3E8BJMcEDCGkUyMVCiw","timestamp":1760447058345,"level":"info","muxi_version":"0.2025.0","server":"MacBookPro.cable.virginm.net","event":"request.validated","session_id":null,"request":{"id":"req_hmfr4f8lwpcvLUzdtaGqU","status":"processing","started":1760447057894,"duration_ms":451,"formation_id":"memory-test-formation","user_id":"0","tokens":{"total":[28,28,0,0,0,0],"breakdown":{"openai/text-embedding-3-small":[28,28,0,0,0,0]}}},"data":{"operation":"extract_async_called","user_id":"0","description":"Extraction async method started"}}
{"id":"evt_90z_TaJjevcuoL2iuRcSU","timestamp":1760447058346,"level":"info","muxi_version":"0.2025.0","server":"MacBookPro.cable.virginm.net","event":"request.validated","session_id":null,"request":{"id":"req_hmfr4f8lwpcvLUzdtaGqU","status":"processing","started":1760447057894,"duration_ms":451,"formation_id":"memory-test-formation","user_id":"0","tokens":{"total":[28,28,0,0,0,0],"breakdown":{"openai/text-embedding-3-small":[28,28,0,0,0,0]}}},"data":{"operation":"overlord_calling_coordinator","has_coordinator":true,"user_id":"0","description":"Overlord about to call extraction coordinator"}}
{"id":"evt_4vpGUfPUEaK20fzjYgRo0","timestamp":1760447058346,"level":"info","muxi_version":"0.2025.0","server":"MacBookPro.cable.virginm.net","event":"model.request.started","session_id":null,"request":{"id":"req_hmfr4f8lwpcvLUzdtaGqU","status":"processing","started":1760447057894,"duration_ms":451,"formation_id":"memory-test-formation","user_id":"0","tokens":{"total":[28,28,0,0,0,0],"breakdown":{"openai/text-embedding-3-small":[28,28,0,0,0,0]}}},"data":{"model":"openai/gpt-4o","provider":"openai","message_count":1,"has_files":false,"file_count":0,"fusion_mode":"adaptive","temperature":0.2,"max_tokens":2000,"metadata":null,"description":"LLM chat request started for openai/gpt-4o"}}
{"id":"evt_fp9Zja0q4iMpuDHG6N8dV","timestamp":1760447058346,"level":"info","muxi_version":"0.2025.0","server":"MacBookPro.cable.virginm.net","event":"request.validated","session_id":null,"request":{"id":"req_hmfr4f8lwpcvLUzdtaGqU","status":"processing","started":1760447057894,"duration_ms":451,"formation_id":"memory-test-formation","user_id":"0","tokens":{"total":[28,28,0,0,0,0],"breakdown":{"openai/text-embedding-3-small":[28,28,0,0,0,0]}}},"data":{"operation":"calling_overlord_extract","user_id":"0","description":"About to call overlord.extract_user_information"}}
{"id":"evt_eUSg1UyqQLCmYjhMQdsdp","timestamp":1760447058405,"level":"info","muxi_version":"0.2025.0","server":"MacBookPro.cable.virginm.net","event":"memory.working.updated","session_id":null,"request":{"id":"req_5XtCFTCZgJZCbQ25hBfM8","status":"completed","started":1760447040969,"duration_ms":17436,"formation_id":"memory-test-formation","user_id":"0","tokens":{"total":[6761,6352,409,0,0,0],"breakdown":{"openai/text-embedding-3-small":[119,119,0,0,0,0],"openai/gpt-4o":[6331,5926,405,0,0,0],"openai/gpt-4o-mini":[311,307,4,0,0,0]}}},"data":{"agent_id":"overlord","operation":"add_to_buffer_memory","description":"Successfully added message to buffer memory"}}
{"id":"evt_lgH7OzCuPnOux2aAxZqxQ","timestamp":1760447059047,"level":"info","muxi_version":"0.2025.0","server":"MacBookPro.cable.virginm.net","event":"model.request.started","session_id":null,"request":{"id":"req_hmfr4f8lwpcvLUzdtaGqU","status":"processing","started":1760447057894,"duration_ms":1153,"formation_id":"memory-test-formation","user_id":"0","tokens":{"total":[149,148,1,0,0,0],"breakdown":{"openai/text-embedding-3-small":[28,28,0,0,0,0],"openai/gpt-4o":[121,120,1,0,0,0]}}},"data":{"model":"openai/gpt-4o","provider":"openai","message_count":1,"has_files":false,"file_count":0,"fusion_mode":"adaptive","temperature":0.2,"max_tokens":250,"metadata":null,"description":"LLM chat request started for openai/gpt-4o"}}
{"id":"evt_VN_fc7PsBjfoH4pwjaKqL","timestamp":1760447060425,"level":"info","muxi_version":"0.2025.0","server":"MacBookPro.cable.virginm.net","event":"error.internal.error","session_id":null,"request":{"id":"req_hmfr4f8lwpcvLUzdtaGqU","status":"processing","started":1760447057894,"duration_ms":2530,"formation_id":"memory-test-formation","user_id":"0","tokens":{"total":[1178,1040,138,0,0,0],"breakdown":{"openai/text-embedding-3-small":[28,28,0,0,0,0],"openai/gpt-4o":[1150,1012,138,0,0,0]}}},"data":{"provider":"openai","model":"text-embedding-3-small","timeout":30.0,"max_retries":3,"fallback_model":null,"circuit_breaker_enabled":true,"description":"Initialized LLM with openai/text-embedding-3-small"}}
{"id":"evt_IhxD4XZExKYSA44dvVa8l","timestamp":1760447060673,"level":"info","muxi_version":"0.2025.0","server":"MacBookPro.cable.virginm.net","event":"request.completed","session_id":null,"request":{"id":"req_hmfr4f8lwpcvLUzdtaGqU","status":"completed","started":1760447057894,"duration_ms":2778,"formation_id":"memory-test-formation","user_id":"0","tokens":{"total":[2411,2205,206,0,0,0],"breakdown":{"openai/text-embedding-3-small":[28,28,0,0,0,0],"openai/gpt-4o":[2383,2177,206,0,0,0]}}},"data":{"description":"Request req_hmfr4f8lwpcvLUzdtaGqU completed in 2778ms"}}
User 1: I'm David, I'm a chef and I love Italian cuisine.
Assistant: Could you please provide more details on how I can assist you with Italian cuisine?...
{"id":"evt_bg8QCoVU68jPEWdaFBNKS","timestamp":1760447060681,"level":"info","muxi_version":"0.2025.0","server":"MacBookPro.cable.virginm.net","event":"user_identifier.resolved","data":{"identifier":"0","muxi_user_id":"uRqPKKs7AOP2F59qU1y3z","internal_user_id":1,"source":"database","formation_id":"memory-test-formation"}}
{"id":"evt_QkPQYNZKFdqKcZyDv8XNQ","timestamp":1760447060682,"level":"info","muxi_version":"0.2025.0","server":"MacBookPro.cable.virginm.net","event":"request.received","session_id":null,"request":{"id":"req_dGPyCaVUI3Lb9bYAl2N4n","status":"processing","started":1760447060682,"duration_ms":0,"formation_id":"memory-test-formation","user_id":"0","tokens":{"total":[0,0,0,0,0,0],"breakdown":{}}},"data":{"description":"Request req_dGPyCaVUI3Lb9bYAl2N4n received"}}
{"id":"evt_8fa7ORi3f0X7szrxYWdbX","timestamp":1760447060682,"level":"info","muxi_version":"0.2025.0","server":"MacBookPro.cable.virginm.net","event":"request.validated","session_id":null,"request":{"id":"req_dGPyCaVUI3Lb9bYAl2N4n","status":"processing","started":1760447060682,"duration_ms":0,"formation_id":"memory-test-formation","user_id":"0","tokens":{"total":[0,0,0,0,0,0],"breakdown":{}}},"data":{"message_valid":true,"agent_exists":true,"has_files":false,"file_count":0,"description":"Request req_dGPyCaVUI3Lb9bYAl2N4n validated"}}
{"id":"evt_xNYFkhXIJR1aDp9i9UplW","timestamp":1760447060682,"level":"info","muxi_version":"0.2025.0","server":"MacBookPro.cable.virginm.net","event":"memory.working.lookup","session_id":null,"request":{"id":"req_dGPyCaVUI3Lb9bYAl2N4n","status":"processing","started":1760447060682,"duration_ms":0,"formation_id":"memory-test-formation","user_id":"0","tokens":{"total":[0,0,0,0,0,0],"breakdown":{}}},"data":{"query_length":50,"limit":50,"has_filter":true,"has_query_vector":false,"recency_bias":0.3,"session_id":null,"session_bias":0.5,"buffer_size":1,"has_vector_search":true,"description":"Working memory search started"}}
{"id":"evt_0vOFG7ANFJPOWENkV0mRB","timestamp":1760447060983,"level":"info","muxi_version":"0.2025.0","server":"MacBookPro.cable.virginm.net","event":"request.validated","session_id":null,"request":{"id":"req_dGPyCaVUI3Lb9bYAl2N4n","status":"processing","started":1760447060682,"duration_ms":301,"formation_id":"memory-test-formation","user_id":"0","tokens":{"total":[14,14,0,0,0,0],"breakdown":{"openai/text-embedding-3-small":[14,14,0,0,0,0]}}},"data":{"operation":"extraction_task_created","user_id":"0","description":"Creating extraction task"}}
{"id":"evt_AGsttbcNell_35eayHcG3","timestamp":1760447060983,"level":"info","muxi_version":"0.2025.0","server":"MacBookPro.cable.virginm.net","event":"server.started","session_id":null,"request":{"id":"req_dGPyCaVUI3Lb9bYAl2N4n","status":"processing","started":1760447060682,"duration_ms":301,"formation_id":"memory-test-formation","user_id":"0","tokens":{"total":[14,14,0,0,0,0],"breakdown":{"openai/text-embedding-3-small":[14,14,0,0,0,0]}}},"data":{"service":"_process_sync_chat_entry","agent_name":null,"user_id":"0","session_id":null,"message_preview":"=== CURRENT REQUEST ===\nUser: I'm Emily, I'm a tea","description":"_process_sync_chat ENTRY: agent=None, session=None"}}
{"id":"evt_cFaG0KhY7pVZfL5n9WSmy","timestamp":1760447060983,"level":"info","muxi_version":"0.2025.0","server":"MacBookPro.cable.virginm.net","event":"model.request.started","session_id":null,"request":{"id":"req_dGPyCaVUI3Lb9bYAl2N4n","status":"processing","started":1760447060682,"duration_ms":301,"formation_id":"memory-test-formation","user_id":"0","tokens":{"total":[14,14,0,0,0,0],"breakdown":{"openai/text-embedding-3-small":[14,14,0,0,0,0]}}},"data":{"model":"openai/gpt-4o","provider":"openai","message_count":1,"has_files":false,"file_count":0,"fusion_mode":"adaptive","temperature":0.2,"max_tokens":10,"metadata":null,"description":"LLM chat request started for openai/gpt-4o"}}
{"id":"evt_mXZWaCe69dl_VAgkPGlwK","timestamp":1760447060984,"level":"info","muxi_version":"0.2025.0","server":"MacBookPro.cable.virginm.net","event":"request.validated","session_id":null,"request":{"id":"req_dGPyCaVUI3Lb9bYAl2N4n","status":"processing","started":1760447060682,"duration_ms":302,"formation_id":"memory-test-formation","user_id":"0","tokens":{"total":[14,14,0,0,0,0],"breakdown":{"openai/text-embedding-3-small":[14,14,0,0,0,0]}}},"data":{"operation":"extract_async_called","user_id":"0","description":"Extraction async method started"}}
{"id":"evt_YjsNJ2VP8c0di2JP1g466","timestamp":1760447060984,"level":"info","muxi_version":"0.2025.0","server":"MacBookPro.cable.virginm.net","event":"request.validated","session_id":null,"request":{"id":"req_dGPyCaVUI3Lb9bYAl2N4n","status":"processing","started":1760447060682,"duration_ms":302,"formation_id":"memory-test-formation","user_id":"0","tokens":{"total":[14,14,0,0,0,0],"breakdown":{"openai/text-embedding-3-small":[14,14,0,0,0,0]}}},"data":{"operation":"overlord_calling_coordinator","has_coordinator":true,"user_id":"0","description":"Overlord about to call extraction coordinator"}}
{"id":"evt__oFoUhXDwdNNWXMOZoRJ7","timestamp":1760447060984,"level":"info","muxi_version":"0.2025.0","server":"MacBookPro.cable.virginm.net","event":"model.request.started","session_id":null,"request":{"id":"req_dGPyCaVUI3Lb9bYAl2N4n","status":"processing","started":1760447060682,"duration_ms":302,"formation_id":"memory-test-formation","user_id":"0","tokens":{"total":[14,14,0,0,0,0],"breakdown":{"openai/text-embedding-3-small":[14,14,0,0,0,0]}}},"data":{"model":"openai/gpt-4o","provider":"openai","message_count":1,"has_files":false,"file_count":0,"fusion_mode":"adaptive","temperature":0.2,"max_tokens":2000,"metadata":null,"description":"LLM chat request started for openai/gpt-4o"}}
{"id":"evt_cbnI5v0MWCgj3VwOnEPYZ","timestamp":1760447060984,"level":"info","muxi_version":"0.2025.0","server":"MacBookPro.cable.virginm.net","event":"request.validated","session_id":null,"request":{"id":"req_dGPyCaVUI3Lb9bYAl2N4n","status":"processing","started":1760447060682,"duration_ms":302,"formation_id":"memory-test-formation","user_id":"0","tokens":{"total":[14,14,0,0,0,0],"breakdown":{"openai/text-embedding-3-small":[14,14,0,0,0,0]}}},"data":{"operation":"calling_overlord_extract","user_id":"0","description":"About to call overlord.extract_user_information"}}
{"id":"evt_ZdrdqJWvhpCqwiK_Af_KD","timestamp":1760447061151,"level":"info","muxi_version":"0.2025.0","server":"MacBookPro.cable.virginm.net","event":"memory.working.updated","session_id":null,"request":{"id":"req_hmfr4f8lwpcvLUzdtaGqU","status":"completed","started":1760447057894,"duration_ms":3257,"formation_id":"memory-test-formation","user_id":"0","tokens":{"total":[2433,2227,206,0,0,0],"breakdown":{"openai/text-embedding-3-small":[50,50,0,0,0,0],"openai/gpt-4o":[2383,2177,206,0,0,0]}}},"data":{"agent_id":"overlord","operation":"add_to_buffer_memory","description":"Successfully added message to buffer memory"}}
{"id":"evt_fVbjh4STR4FtXyIrngQ2W","timestamp":1760447061184,"level":"info","muxi_version":"0.2025.0","server":"MacBookPro.cable.virginm.net","event":"memory.working.updated","session_id":null,"request":{"id":"req_dGPyCaVUI3Lb9bYAl2N4n","status":"processing","started":1760447060682,"duration_ms":501,"formation_id":"memory-test-formation","user_id":"0","tokens":{"total":[28,28,0,0,0,0],"breakdown":{"openai/text-embedding-3-small":[28,28,0,0,0,0]}}},"data":{"agent_id":"overlord","operation":"add_to_buffer_memory","description":"Successfully added message to buffer memory"}}
{"id":"evt_i2YDy9PQ4LAVInIFq_0V1","timestamp":1760447061512,"level":"info","muxi_version":"0.2025.0","server":"MacBookPro.cable.virginm.net","event":"model.request.started","session_id":null,"request":{"id":"req_dGPyCaVUI3Lb9bYAl2N4n","status":"processing","started":1760447060682,"duration_ms":830,"formation_id":"memory-test-formation","user_id":"0","tokens":{"total":[149,148,1,0,0,0],"breakdown":{"openai/text-embedding-3-small":[28,28,0,0,0,0],"openai/gpt-4o":[121,120,1,0,0,0]}}},"data":{"model":"openai/gpt-4o","provider":"openai","message_count":1,"has_files":false,"file_count":0,"fusion_mode":"adaptive","temperature":0.2,"max_tokens":250,"metadata":null,"description":"LLM chat request started for openai/gpt-4o"}}
{"id":"evt_qA63nQVpcrX5T8vBUYRJ8","timestamp":1760447061513,"level":"info","muxi_version":"0.2025.0","server":"MacBookPro.cable.virginm.net","event":"request.completed","session_id":null,"request":{"id":"req_dGPyCaVUI3Lb9bYAl2N4n","status":"completed","started":1760447060682,"duration_ms":830,"formation_id":"memory-test-formation","user_id":"0","tokens":{"total":[149,148,1,0,0,0],"breakdown":{"openai/text-embedding-3-small":[28,28,0,0,0,0],"openai/gpt-4o":[121,120,1,0,0,0]}}},"data":{"description":"Request req_dGPyCaVUI3Lb9bYAl2N4n completed in 830ms"}}

User 2: I'm Emily, I'm a teacher and I love Japanese food.
Assistant: Could you please provide more details on how I can assist you with Italian cuisine?...
{"id":"evt_Di2R8qURxrXIYJjbYKCC_","timestamp":1760447061513,"level":"info","muxi_version":"0.2025.0","server":"MacBookPro.cable.virginm.net","event":"memory.working.updated","session_id":null,"request":{"id":"req_dGPyCaVUI3Lb9bYAl2N4n","status":"completed","started":1760447060682,"duration_ms":831,"formation_id":"memory-test-formation","user_id":"0","tokens":{"total":[149,148,1,0,0,0],"breakdown":{"openai/text-embedding-3-small":[28,28,0,0,0,0],"openai/gpt-4o":[121,120,1,0,0,0]}}},"data":{"agent_id":"overlord","operation":"add_to_buffer_memory","description":"Successfully added message to buffer memory"}}
{"id":"evt_2UcsxAuVpf_VuWky1OphM","timestamp":1760447061701,"level":"info","muxi_version":"0.2025.0","server":"MacBookPro.cable.virginm.net","event":"request.validated","session_id":null,"request":{"id":"req_hmfr4f8lwpcvLUzdtaGqU","status":"completed","started":1760447057894,"duration_ms":3806,"formation_id":"memory-test-formation","user_id":"0","tokens":{"total":[2443,2237,206,0,0,0],"breakdown":{"openai/text-embedding-3-small":[60,60,0,0,0,0],"openai/gpt-4o":[2383,2177,206,0,0,0]}}},"data":{"operation":"coordinator_call_completed","user_id":"0","description":"Coordinator call completed successfully"}}
{"id":"evt_NULrtPT7LhIiXJCNva3Bj","timestamp":1760447061701,"level":"info","muxi_version":"0.2025.0","server":"MacBookPro.cable.virginm.net","event":"request.validated","session_id":null,"request":{"id":"req_hmfr4f8lwpcvLUzdtaGqU","status":"completed","started":1760447057894,"duration_ms":3806,"formation_id":"memory-test-formation","user_id":"0","tokens":{"total":[2443,2237,206,0,0,0],"breakdown":{"openai/text-embedding-3-small":[60,60,0,0,0,0],"openai/gpt-4o":[2383,2177,206,0,0,0]}}},"data":{"operation":"overlord_extract_completed","user_id":"0","description":"overlord.extract_user_information completed"}}
{"id":"evt_k1sVV7CBxlUmpz_eEvrz5","timestamp":1760447063849,"level":"info","muxi_version":"0.2025.0","server":"MacBookPro.cable.virginm.net","event":"request.validated","session_id":null,"request":{"id":"req_dGPyCaVUI3Lb9bYAl2N4n","status":"completed","started":1760447060682,"duration_ms":3167,"formation_id":"memory-test-formation","user_id":"0","tokens":{"total":[1194,1056,138,0,0,0],"breakdown":{"openai/text-embedding-3-small":[44,44,0,0,0,0],"openai/gpt-4o":[1150,1012,138,0,0,0]}}},"data":{"operation":"coordinator_call_completed","user_id":"0","description":"Coordinator call completed successfully"}}
{"id":"evt_hkfsGhlEqULZBR3u2i8ps","timestamp":1760447063849,"level":"info","muxi_version":"0.2025.0","server":"MacBookPro.cable.virginm.net","event":"request.validated","session_id":null,"request":{"id":"req_dGPyCaVUI3Lb9bYAl2N4n","status":"completed","started":1760447060682,"duration_ms":3167,"formation_id":"memory-test-formation","user_id":"0","tokens":{"total":[1194,1056,138,0,0,0],"breakdown":{"openai/text-embedding-3-small":[44,44,0,0,0,0],"openai/gpt-4o":[1150,1012,138,0,0,0]}}},"data":{"operation":"overlord_extract_completed","user_id":"0","description":"overlord.extract_user_information completed"}}
{"id":"evt_cAeojcGIqy__O0frgrSnM","timestamp":1760447064531,"level":"info","muxi_version":"0.2025.0","server":"MacBookPro.cable.virginm.net","event":"user_identifier.resolved","data":{"identifier":"0","muxi_user_id":"uRqPKKs7AOP2F59qU1y3z","internal_user_id":1,"source":"database","formation_id":"memory-test-formation"}}
{"id":"evt_0fbbOMMYkNZ7VUg8nFafg","timestamp":1760447064531,"level":"info","muxi_version":"0.2025.0","server":"MacBookPro.cable.virginm.net","event":"request.received","session_id":null,"request":{"id":"req_cTfPIM71YRXOqLi0TbdDR","status":"processing","started":1760447064531,"duration_ms":0,"formation_id":"memory-test-formation","user_id":"0","tokens":{"total":[0,0,0,0,0,0],"breakdown":{}}},"data":{"description":"Request req_cTfPIM71YRXOqLi0TbdDR received"}}
{"id":"evt_zSPZgZT27ar_mOgXlvlHV","timestamp":1760447064531,"level":"info","muxi_version":"0.2025.0","server":"MacBookPro.cable.virginm.net","event":"request.validated","session_id":null,"request":{"id":"req_cTfPIM71YRXOqLi0TbdDR","status":"processing","started":1760447064531,"duration_ms":0,"formation_id":"memory-test-formation","user_id":"0","tokens":{"total":[0,0,0,0,0,0],"breakdown":{}}},"data":{"message_valid":true,"agent_exists":true,"has_files":false,"file_count":0,"description":"Request req_cTfPIM71YRXOqLi0TbdDR validated"}}
{"id":"evt_YJzPr3Whvu4JVgqyVkNMF","timestamp":1760447064531,"level":"info","muxi_version":"0.2025.0","server":"MacBookPro.cable.virginm.net","event":"memory.working.lookup","session_id":null,"request":{"id":"req_cTfPIM71YRXOqLi0TbdDR","status":"processing","started":1760447064531,"duration_ms":0,"formation_id":"memory-test-formation","user_id":"0","tokens":{"total":[0,0,0,0,0,0],"breakdown":{}}},"data":{"query_length":43,"limit":50,"has_filter":true,"has_query_vector":false,"recency_bias":0.3,"session_id":null,"session_bias":0.5,"buffer_size":4,"has_vector_search":true,"description":"Working memory search started"}}
{"id":"evt_6HA6KcC7zB7Ondmr_PZn0","timestamp":1760447064828,"level":"info","muxi_version":"0.2025.0","server":"MacBookPro.cable.virginm.net","event":"request.validated","session_id":null,"request":{"id":"req_cTfPIM71YRXOqLi0TbdDR","status":"processing","started":1760447064531,"duration_ms":297,"formation_id":"memory-test-formation","user_id":"0","tokens":{"total":[8,8,0,0,0,0],"breakdown":{"openai/text-embedding-3-small":[8,8,0,0,0,0]}}},"data":{"operation":"extraction_task_created","user_id":"0","description":"Creating extraction task"}}
{"id":"evt_Frl4gzARuOPOd5PrY3Ax3","timestamp":1760447064829,"level":"info","muxi_version":"0.2025.0","server":"MacBookPro.cable.virginm.net","event":"server.started","session_id":null,"request":{"id":"req_cTfPIM71YRXOqLi0TbdDR","status":"processing","started":1760447064531,"duration_ms":298,"formation_id":"memory-test-formation","user_id":"0","tokens":{"total":[8,8,0,0,0,0],"breakdown":{"openai/text-embedding-3-small":[8,8,0,0,0,0]}}},"data":{"service":"_process_sync_chat_entry","agent_name":null,"user_id":"0","session_id":null,"message_preview":"=== CURRENT REQUEST ===\nUser: What is my professio","description":"_process_sync_chat ENTRY: agent=None, session=None"}}
{"id":"evt_tNKOwVb9u8TUM1g5H0ic8","timestamp":1760447064829,"level":"info","muxi_version":"0.2025.0","server":"MacBookPro.cable.virginm.net","event":"model.request.started","session_id":null,"request":{"id":"req_cTfPIM71YRXOqLi0TbdDR","status":"processing","started":1760447064531,"duration_ms":298,"formation_id":"memory-test-formation","user_id":"0","tokens":{"total":[8,8,0,0,0,0],"breakdown":{"openai/text-embedding-3-small":[8,8,0,0,0,0]}}},"data":{"model":"openai/gpt-4o","provider":"openai","message_count":1,"has_files":false,"file_count":0,"fusion_mode":"adaptive","temperature":0.2,"max_tokens":10,"metadata":null,"description":"LLM chat request started for openai/gpt-4o"}}
{"id":"evt_prAC7Y_ioDHLJmZpeqe_F","timestamp":1760447064830,"level":"info","muxi_version":"0.2025.0","server":"MacBookPro.cable.virginm.net","event":"request.validated","session_id":null,"request":{"id":"req_cTfPIM71YRXOqLi0TbdDR","status":"processing","started":1760447064531,"duration_ms":298,"formation_id":"memory-test-formation","user_id":"0","tokens":{"total":[8,8,0,0,0,0],"breakdown":{"openai/text-embedding-3-small":[8,8,0,0,0,0]}}},"data":{"operation":"extract_async_called","user_id":"0","description":"Extraction async method started"}}{"id":"evt_ErtJVFly5_fpdfGbbD7Qn","timestamp":1760447064830,"level":"info","muxi_version":"0.2025.0","server":"MacBookPro.cable.virginm.net","event":"request.validated","session_id":null,"request":{"id":"req_cTfPIM71YRXOqLi0TbdDR","status":"processing","started":1760447064531,"duration_ms":298,"formation_id":"memory-test-formation","user_id":"0","tokens":{"total":[8,8,0,0,0,0],"breakdown":{"openai/text-embedding-3-small":[8,8,0,0,0,0]}}},"data":{"operation":"calling_overlord_extract","user_id":"0","description":"About to call overlord.extract_user_information"}}
{"id":"evt_l7c1a5QU0_NokIFkro5Q5","timestamp":1760447064830,"level":"info","muxi_version":"0.2025.0","server":"MacBookPro.cable.virginm.net","event":"request.validated","session_id":null,"request":{"id":"req_cTfPIM71YRXOqLi0TbdDR","status":"processing","started":1760447064531,"duration_ms":299,"formation_id":"memory-test-formation","user_id":"0","tokens":{"total":[8,8,0,0,0,0],"breakdown":{"openai/text-embedding-3-small":[8,8,0,0,0,0]}}},"data":{"operation":"overlord_calling_coordinator","has_coordinator":true,"user_id":"0","description":"Overlord about to call extraction coordinator"}}
{"id":"evt_cmoVqlUD6ter5IdW0CsCg","timestamp":1760447064830,"level":"info","muxi_version":"0.2025.0","server":"MacBookPro.cable.virginm.net","event":"model.request.started","session_id":null,"request":{"id":"req_cTfPIM71YRXOqLi0TbdDR","status":"processing","started":1760447064531,"duration_ms":299,"formation_id":"memory-test-formation","user_id":"0","tokens":{"total":[8,8,0,0,0,0],"breakdown":{"openai/text-embedding-3-small":[8,8,0,0,0,0]}}},"data":{"model":"openai/gpt-4o","provider":"openai","message_count":1,"has_files":false,"file_count":0,"fusion_mode":"adaptive","temperature":0.2,"max_tokens":2000,"metadata":null,"description":"LLM chat request started for openai/gpt-4o"}}

{"id":"evt_25pIH_Ti1U_w9tdRkq6_s","timestamp":1760447064947,"level":"info","muxi_version":"0.2025.0","server":"MacBookPro.cable.virginm.net","event":"memory.working.updated","session_id":null,"request":{"id":"req_cTfPIM71YRXOqLi0TbdDR","status":"processing","started":1760447064531,"duration_ms":415,"formation_id":"memory-test-formation","user_id":"0","tokens":{"total":[16,16,0,0,0,0],"breakdown":{"openai/text-embedding-3-small":[16,16,0,0,0,0]}}},"data":{"agent_id":"overlord","operation":"add_to_buffer_memory","description":"Successfully added message to buffer memory"}}
{"id":"evt_XfEddXw38kKN7R_gomM0g","timestamp":1760447065550,"level":"info","muxi_version":"0.2025.0","server":"MacBookPro.cable.virginm.net","event":"model.request.started","session_id":null,"request":{"id":"req_cTfPIM71YRXOqLi0TbdDR","status":"processing","started":1760447064531,"duration_ms":1019,"formation_id":"memory-test-formation","user_id":"0","tokens":{"total":[133,132,1,0,0,0],"breakdown":{"openai/text-embedding-3-small":[16,16,0,0,0,0],"openai/gpt-4o":[117,116,1,0,0,0]}}},"data":{"model":"openai/gpt-4o","provider":"openai","message_count":1,"has_files":false,"file_count":0,"fusion_mode":"adaptive","temperature":0.2,"max_tokens":250,"metadata":null,"description":"LLM chat request started for openai/gpt-4o"}}
{"id":"evt_H7KefGLW3gEKIaFGy6dK2","timestamp":1760447067199,"level":"info","muxi_version":"0.2025.0","server":"MacBookPro.cable.virginm.net","event":"request.completed","session_id":null,"request":{"id":"req_cTfPIM71YRXOqLi0TbdDR","status":"completed","started":1760447064531,"duration_ms":2667,"formation_id":"memory-test-formation","user_id":"0","tokens":{"total":[1431,1362,69,0,0,0],"breakdown":{"openai/text-embedding-3-small":[16,16,0,0,0,0],"openai/gpt-4o":[1415,1346,69,0,0,0]}}},"data":{"description":"Request req_cTfPIM71YRXOqLi0TbdDR completed in 2667ms"}}

User 1 Query: What is my profession and favorite cuisine?
Assistant: Could you please clarify how I can assist you with Japanese food or Italian cuisine?...
  ✗ User 1 data not properly isolated
{"id":"evt_PbA5RuFzcAdGJym40rHzh","timestamp":1760447067206,"level":"info","muxi_version":"0.2025.0","server":"MacBookPro.cable.virginm.net","event":"user_identifier.resolved","data":{"identifier":"0","muxi_user_id":"uRqPKKs7AOP2F59qU1y3z","internal_user_id":1,"source":"database","formation_id":"memory-test-formation"}}
{"id":"evt_LXV4lkFhwCzp9lzzGjEhP","timestamp":1760447067207,"level":"info","muxi_version":"0.2025.0","server":"MacBookPro.cable.virginm.net","event":"request.received","session_id":null,"request":{"id":"req_wLq987oOZ2x_D4xNd5CWV","status":"processing","started":1760447067207,"duration_ms":0,"formation_id":"memory-test-formation","user_id":"0","tokens":{"total":[0,0,0,0,0,0],"breakdown":{}}},"data":{"description":"Request req_wLq987oOZ2x_D4xNd5CWV received"}}
{"id":"evt_Cl28t2wLjUbvj4DGvl9JT","timestamp":1760447067207,"level":"info","muxi_version":"0.2025.0","server":"MacBookPro.cable.virginm.net","event":"request.validated","session_id":null,"request":{"id":"req_wLq987oOZ2x_D4xNd5CWV","status":"processing","started":1760447067207,"duration_ms":0,"formation_id":"memory-test-formation","user_id":"0","tokens":{"total":[0,0,0,0,0,0],"breakdown":{}}},"data":{"message_valid":true,"agent_exists":true,"has_files":false,"file_count":0,"description":"Request req_wLq987oOZ2x_D4xNd5CWV validated"}}
{"id":"evt_zAy5ELhkpsmz0EJjSxnC3","timestamp":1760447067207,"level":"info","muxi_version":"0.2025.0","server":"MacBookPro.cable.virginm.net","event":"memory.working.lookup","session_id":null,"request":{"id":"req_wLq987oOZ2x_D4xNd5CWV","status":"processing","started":1760447067207,"duration_ms":0,"formation_id":"memory-test-formation","user_id":"0","tokens":{"total":[0,0,0,0,0,0],"breakdown":{}}},"data":{"query_length":40,"limit":50,"has_filter":true,"has_query_vector":false,"recency_bias":0.3,"session_id":null,"session_bias":0.5,"buffer_size":5,"has_vector_search":true,"description":"Working memory search started"}}
{"id":"evt_4k_9VeA89ixqpVaIC5zN4","timestamp":1760447067484,"level":"info","muxi_version":"0.2025.0","server":"MacBookPro.cable.virginm.net","event":"request.validated","session_id":null,"request":{"id":"req_wLq987oOZ2x_D4xNd5CWV","status":"processing","started":1760447067207,"duration_ms":277,"formation_id":"memory-test-formation","user_id":"0","tokens":{"total":[8,8,0,0,0,0],"breakdown":{"openai/text-embedding-3-small":[8,8,0,0,0,0]}}},"data":{"operation":"extraction_task_created","user_id":"0","description":"Creating extraction task"}}
{"id":"evt_BjAjMbPFpPnOS58e2eFbe","timestamp":1760447067485,"level":"info","muxi_version":"0.2025.0","server":"MacBookPro.cable.virginm.net","event":"server.started","session_id":null,"request":{"id":"req_wLq987oOZ2x_D4xNd5CWV","status":"processing","started":1760447067207,"duration_ms":277,"formation_id":"memory-test-formation","user_id":"0","tokens":{"total":[8,8,0,0,0,0],"breakdown":{"openai/text-embedding-3-small":[8,8,0,0,0,0]}}},"data":{"service":"_process_sync_chat_entry","agent_name":null,"user_id":"0","session_id":null,"message_preview":"=== CURRENT REQUEST ===\nUser: What is my professio","description":"_process_sync_chat ENTRY: agent=None, session=None"}}{"id":"evt_JBN7MsjWsTdq6zQcJPz4V","timestamp":1760447067485,"level":"info","muxi_version":"0.2025.0","server":"MacBookPro.cable.virginm.net","event":"model.request.started","session_id":null,"request":{"id":"req_wLq987oOZ2x_D4xNd5CWV","status":"processing","started":1760447067207,"duration_ms":278,"formation_id":"memory-test-formation","user_id":"0","tokens":{"total":[8,8,0,0,0,0],"breakdown":{"openai/text-embedding-3-small":[8,8,0,0,0,0]}}},"data":{"model":"openai/gpt-4o","provider":"openai","message_count":1,"has_files":false,"file_count":0,"fusion_mode":"adaptive","temperature":0.2,"max_tokens":10,"metadata":null,"description":"LLM chat request started for openai/gpt-4o"}}

{"id":"evt_iTeP8wSO_Xj0dTfJL9ayj","timestamp":1760447067485,"level":"info","muxi_version":"0.2025.0","server":"MacBookPro.cable.virginm.net","event":"request.validated","session_id":null,"request":{"id":"req_wLq987oOZ2x_D4xNd5CWV","status":"processing","started":1760447067207,"duration_ms":278,"formation_id":"memory-test-formation","user_id":"0","tokens":{"total":[8,8,0,0,0,0],"breakdown":{"openai/text-embedding-3-small":[8,8,0,0,0,0]}}},"data":{"operation":"extract_async_called","user_id":"0","description":"Extraction async method started"}}
{"id":"evt_fO2RyMudZnMcMeB212dKj","timestamp":1760447067485,"level":"info","muxi_version":"0.2025.0","server":"MacBookPro.cable.virginm.net","event":"request.validated","session_id":null,"request":{"id":"req_wLq987oOZ2x_D4xNd5CWV","status":"processing","started":1760447067207,"duration_ms":278,"formation_id":"memory-test-formation","user_id":"0","tokens":{"total":[8,8,0,0,0,0],"breakdown":{"openai/text-embedding-3-small":[8,8,0,0,0,0]}}},"data":{"operation":"calling_overlord_extract","user_id":"0","description":"About to call overlord.extract_user_information"}}
{"id":"evt_wdAhg34wGj_ui3QDiC1ot","timestamp":1760447067486,"level":"info","muxi_version":"0.2025.0","server":"MacBookPro.cable.virginm.net","event":"request.validated","session_id":null,"request":{"id":"req_wLq987oOZ2x_D4xNd5CWV","status":"processing","started":1760447067207,"duration_ms":278,"formation_id":"memory-test-formation","user_id":"0","tokens":{"total":[8,8,0,0,0,0],"breakdown":{"openai/text-embedding-3-small":[8,8,0,0,0,0]}}},"data":{"operation":"overlord_calling_coordinator","has_coordinator":true,"user_id":"0","description":"Overlord about to call extraction coordinator"}}
{"id":"evt_llvuL6Iwx1OQN7mi8aAxT","timestamp":1760447067486,"level":"info","muxi_version":"0.2025.0","server":"MacBookPro.cable.virginm.net","event":"model.request.started","session_id":null,"request":{"id":"req_wLq987oOZ2x_D4xNd5CWV","status":"processing","started":1760447067207,"duration_ms":278,"formation_id":"memory-test-formation","user_id":"0","tokens":{"total":[8,8,0,0,0,0],"breakdown":{"openai/text-embedding-3-small":[8,8,0,0,0,0]}}},"data":{"model":"openai/gpt-4o","provider":"openai","message_count":1,"has_files":false,"file_count":0,"fusion_mode":"adaptive","temperature":0.2,"max_tokens":2000,"metadata":null,"description":"LLM chat request started for openai/gpt-4o"}}
{"id":"evt_0HD4hUrcn1v1Wq7M9bjCx","timestamp":1760447067533,"level":"info","muxi_version":"0.2025.0","server":"MacBookPro.cable.virginm.net","event":"memory.working.updated","session_id":null,"request":{"id":"req_cTfPIM71YRXOqLi0TbdDR","status":"completed","started":1760447064531,"duration_ms":3001,"formation_id":"memory-test-formation","user_id":"0","tokens":{"total":[1447,1378,69,0,0,0],"breakdown":{"openai/text-embedding-3-small":[32,32,0,0,0,0],"openai/gpt-4o":[1415,1346,69,0,0,0]}}},"data":{"agent_id":"overlord","operation":"add_to_buffer_memory","description":"Successfully added message to buffer memory"}}
{"id":"evt_6mTWgumh8f8z7y_5xhT4F","timestamp":1760447067697,"level":"info","muxi_version":"0.2025.0","server":"MacBookPro.cable.virginm.net","event":"memory.working.updated","session_id":null,"request":{"id":"req_wLq987oOZ2x_D4xNd5CWV","status":"processing","started":1760447067207,"duration_ms":489,"formation_id":"memory-test-formation","user_id":"0","tokens":{"total":[16,16,0,0,0,0],"breakdown":{"openai/text-embedding-3-small":[16,16,0,0,0,0]}}},"data":{"agent_id":"overlord","operation":"add_to_buffer_memory","description":"Successfully added message to buffer memory"}}
{"id":"evt_KGpHh4L764yGs5Fns7O8u","timestamp":1760447068333,"level":"info","muxi_version":"0.2025.0","server":"MacBookPro.cable.virginm.net","event":"model.request.started","session_id":null,"request":{"id":"req_wLq987oOZ2x_D4xNd5CWV","status":"processing","started":1760447067207,"duration_ms":1126,"formation_id":"memory-test-formation","user_id":"0","tokens":{"total":[133,132,1,0,0,0],"breakdown":{"openai/text-embedding-3-small":[16,16,0,0,0,0],"openai/gpt-4o":[117,116,1,0,0,0]}}},"data":{"model":"openai/gpt-4o","provider":"openai","message_count":1,"has_files":false,"file_count":0,"fusion_mode":"adaptive","temperature":0.2,"max_tokens":250,"metadata":null,"description":"LLM chat request started for openai/gpt-4o"}}
{"id":"evt_5ix3pPdIFendiXmoiaXoq","timestamp":1760447068796,"level":"info","muxi_version":"0.2025.0","server":"MacBookPro.cable.virginm.net","event":"request.validated","session_id":null,"request":{"id":"req_cTfPIM71YRXOqLi0TbdDR","status":"completed","started":1760447064531,"duration_ms":4265,"formation_id":"memory-test-formation","user_id":"0","tokens":{"total":[2537,2331,206,0,0,0],"breakdown":{"openai/text-embedding-3-small":[32,32,0,0,0,0],"openai/gpt-4o":[2505,2299,206,0,0,0]}}},"data":{"operation":"coordinator_call_completed","user_id":"0","description":"Coordinator call completed successfully"}}{"id":"evt_HpJEifN_osQ9MsZ8KlRrE","timestamp":1760447068796,"level":"info","muxi_version":"0.2025.0","server":"MacBookPro.cable.virginm.net","event":"request.validated","session_id":null,"request":{"id":"req_cTfPIM71YRXOqLi0TbdDR","status":"completed","started":1760447064531,"duration_ms":4265,"formation_id":"memory-test-formation","user_id":"0","tokens":{"total":[2537,2331,206,0,0,0],"breakdown":{"openai/text-embedding-3-small":[32,32,0,0,0,0],"openai/gpt-4o":[2505,2299,206,0,0,0]}}},"data":{"operation":"overlord_extract_completed","user_id":"0","description":"overlord.extract_user_information completed"}}

{"id":"evt_DJ5IIwPuCfxYLxDEiGU2G","timestamp":1760447069273,"level":"info","muxi_version":"0.2025.0","server":"MacBookPro.cable.virginm.net","event":"request.validated","session_id":null,"request":{"id":"req_wLq987oOZ2x_D4xNd5CWV","status":"processing","started":1760447067207,"duration_ms":2066,"formation_id":"memory-test-formation","user_id":"0","tokens":{"total":[1238,1100,138,0,0,0],"breakdown":{"openai/text-embedding-3-small":[16,16,0,0,0,0],"openai/gpt-4o":[1222,1084,138,0,0,0]}}},"data":{"operation":"coordinator_call_completed","user_id":"0","description":"Coordinator call completed successfully"}}{"id":"evt_59lBb9G94ydnAWH1CpKzy","timestamp":1760447069273,"level":"info","muxi_version":"0.2025.0","server":"MacBookPro.cable.virginm.net","event":"request.validated","session_id":null,"request":{"id":"req_wLq987oOZ2x_D4xNd5CWV","status":"processing","started":1760447067207,"duration_ms":2066,"formation_id":"memory-test-formation","user_id":"0","tokens":{"total":[1238,1100,138,0,0,0],"breakdown":{"openai/text-embedding-3-small":[16,16,0,0,0,0],"openai/gpt-4o":[1222,1084,138,0,0,0]}}},"data":{"operation":"overlord_extract_completed","user_id":"0","description":"overlord.extract_user_information completed"}}


User 2 Query: What is my profession and favorite food?
Assistant: Could you please clarify which profession and favorite cuisine you are referring to?...
  ✗ User 2 data not properly isolated
{"id":"evt_boIBj2H5DT9SIo1VMQm6Z","timestamp":1760447072937,"level":"info","muxi_version":"0.2025.0","server":"MacBookPro.cable.virginm.net","event":"request.completed","session_id":null,"request":{"id":"req_wLq987oOZ2x_D4xNd5CWV","status":"completed","started":1760447067207,"duration_ms":5730,"formation_id":"memory-test-formation","user_id":"0","tokens":{"total":[2549,2345,204,0,0,0],"breakdown":{"openai/text-embedding-3-small":[16,16,0,0,0,0],"openai/gpt-4o":[2533,2329,204,0,0,0]}}},"data":{"description":"Request req_wLq987oOZ2x_D4xNd5CWV completed in 5729ms"}}
{"id":"evt_ihng3XVgD9dSATHj4_bqJ","timestamp":1760447072937,"level":"info","muxi_version":"0.2025.0","server":"MacBookPro.cable.virginm.net","event":"overlord.shutdown","data":{"active_requests":0,"description":"Overlord shutdown complete - no active requests remaining"}}
✅ Overlord shutdown gracefully - all agents finished their work
{"id":"evt_e_ou5eWV_AlJ3LbTLgAlp","timestamp":1760447072938,"level":"info","muxi_version":"0.2025.0","server":"MacBookPro.cable.virginm.net","event":"service.started","data":{"service":"mcp","action":"shutdown","total_servers":0,"disconnected":0,"failed":0,"servers":{},"description":"MCP service shutdown complete"}}
{"id":"evt_jk0FfhB7uAk3ijI_kI2w1","timestamp":1760447072938,"level":"info","muxi_version":"0.2025.0","server":"MacBookPro.cable.virginm.net","event":"mcp.server.disconnected","data":{"action":"disconnect_all","description":"All MCP servers disconnected during Formation shutdown"}}

========================================

### Test Result:
  ❌ FAILED: 2b1_multi_session_persistence

  Duration: 15.41s

========================================

### Chat transcript:
User: User1: I'm David, I'm a chef and I love Italian cuisine.
System: Could you please provide more details on how I can assist you with Italian cuisine?...

User: User2: I'm Emily, I'm a teacher and I love Japanese food.
System: Could you please provide more details on how I can assist you with Italian cuisine?...

User: User1: What is my profession and favorite cuisine?
System: Could you please clarify how I can assist you with Japanese food or Italian cuisine?...

User: User2: What is my profession and favorite food?
System: Could you please clarify which profession and favorite cuisine you are referring to?...


============================================================
🎯 OVERALL RESULT: ❌ SOME TESTS FAILED
============================================================

💡 KEY INSIGHTS:
- SQLite provides persistent memory storage
- Data survives formation restarts
- User isolation is maintained in persistent storage
- Suitable for single-instance deployments
/Users/ran/opt/anaconda3/lib/python3.10/multiprocessing/resource_tracker.py:224: UserWarning: resource_tracker: There appear to be 1 leaked semaphore objects to clean up at shutdown
  warnings.warn('resource_tracker: There appear to be %d '
